[    0.000000] Initializing cgroup subsys cpuset
[    0.000000] Initializing cgroup subsys cpu
[    0.000000] Linux version 3.2.0-67-generic-pae (buildd@toyol) (gcc version 4.6.3 (Ubuntu/Linaro 4.6.3-1ubuntu5) ) #101-Ubuntu SMP Tue Jul 15 18:04:54 UTC 2014 (Ubuntu 3.2.0-67.101-generic-pae 3.2.60)
[    0.000000] KERNEL supported cpus:
[    0.000000]   Intel GenuineIntel
[    0.000000]   AMD AuthenticAMD
[    0.000000]   NSC Geode by NSC
[    0.000000]   Cyrix CyrixInstead
[    0.000000]   Centaur CentaurHauls
[    0.000000]   Transmeta GenuineTMx86
[    0.000000]   Transmeta TransmetaCPU
[    0.000000]   UMC UMC UMC UMC
[    0.000000] BIOS-provided physical RAM map:
[    0.000000]  BIOS-e820: 0000000000000000 - 000000000009fc00 (usable)
[    0.000000]  BIOS-e820: 000000000009fc00 - 00000000000a0000 (reserved)
[    0.000000]  BIOS-e820: 00000000000f0000 - 0000000000100000 (reserved)
[    0.000000]  BIOS-e820: 0000000000100000 - 00000000733f0000 (usable)
[    0.000000]  BIOS-e820: 00000000733f0000 - 0000000073400000 (ACPI data)
[    0.000000]  BIOS-e820: 00000000fffc0000 - 0000000100000000 (reserved)
[    0.000000] NX (Execute Disable) protection: active
[    0.000000] SMBIOS 2.5 present.
[    0.000000] DMI: innotek GmbH VirtualBox/VirtualBox, BIOS VirtualBox 12/01/2006
[    0.000000] e820 update range: 0000000000000000 - 0000000000010000 (usable) ==> (reserved)
[    0.000000] e820 remove range: 00000000000a0000 - 0000000000100000 (usable)
[    0.000000] last_pfn = 0x733f0 max_arch_pfn = 0x1000000
[    0.000000] MTRR default type: uncachable
[    0.000000] MTRR variable ranges disabled:
[    0.000000] x86 PAT enabled: cpu 0, old 0x7040600070406, new 0x7010600070106
[    0.000000] CPU MTRRs all blank - virtualized system.
[    0.000000] initial memory mapped : 0 - 02000000
[    0.000000] Base memory trampoline at [c009b000] 9b000 size 16384
[    0.000000] init_memory_mapping: 0000000000000000-0000000037bfe000
[    0.000000]  0000000000 - 0000200000 page 4k
[    0.000000]  0000200000 - 0037a00000 page 2M
[    0.000000]  0037a00000 - 0037bfe000 page 4k
[    0.000000] kernel direct mapping tables up to 37bfe000 @ 1ffa000-2000000
[    0.000000] RAMDISK: 364de000 - 37267000
[    0.000000] ACPI: RSDP 000e0000 00024 (v02 VBOX  )
[    0.000000] ACPI: XSDT 733f0030 00034 (v01 VBOX   VBOXXSDT 00000001 ASL  00000061)
[    0.000000] ACPI: FACP 733f00f0 000F4 (v04 VBOX   VBOXFACP 00000001 ASL  00000061)
[    0.000000] ACPI: DSDT 733f0410 01B96 (v01 VBOX   VBOXBIOS 00000002 INTL 20100528)
[    0.000000] ACPI: FACS 733f0200 00040
[    0.000000] ACPI: SSDT 733f0240 001CC (v01 VBOX   VBOXCPUT 00000002 INTL 20100528)
[    0.000000] 951MB HIGHMEM available.
[    0.000000] 891MB LOWMEM available.
[    0.000000]   mapped low ram: 0 - 37bfe000
[    0.000000]   low ram: 0 - 37bfe000
[    0.000000] Zone PFN ranges:
[    0.000000]   DMA      0x00000010 -> 0x00001000
[    0.000000]   Normal   0x00001000 -> 0x00037bfe
[    0.000000]   HighMem  0x00037bfe -> 0x000733f0
[    0.000000] Movable zone start PFN for each node
[    0.000000] early_node_map[2] active PFN ranges
[    0.000000]     0: 0x00000010 -> 0x0000009f
[    0.000000]     0: 0x00000100 -> 0x000733f0
[    0.000000] On node 0 totalpages: 471935
[    0.000000] free_area_init_node: node 0, pgdat c1873b80, node_mem_map f5676200
[    0.000000]   DMA zone: 32 pages used for memmap
[    0.000000]   DMA zone: 0 pages reserved
[    0.000000]   DMA zone: 3951 pages, LIFO batch:0
[    0.000000]   Normal zone: 1752 pages used for memmap
[    0.000000]   Normal zone: 222502 pages, LIFO batch:31
[    0.000000]   HighMem zone: 1904 pages used for memmap
[    0.000000]   HighMem zone: 241794 pages, LIFO batch:31
[    0.000000] Using APIC driver default
[    0.000000] ACPI: PM-Timer IO Port: 0x4008
[    0.000000] SMP: Allowing 1 CPUs, 0 hotplug CPUs
[    0.000000] Found and enabled local APIC!
[    0.000000] nr_irqs_gsi: 16
[    0.000000] PM: Registered nosave memory: 000000000009f000 - 00000000000a0000
[    0.000000] PM: Registered nosave memory: 00000000000a0000 - 00000000000f0000
[    0.000000] PM: Registered nosave memory: 00000000000f0000 - 0000000000100000
[    0.000000] Allocating PCI resources starting at 73400000 (gap: 73400000:8cbc0000)
[    0.000000] Booting paravirtualized kernel on bare hardware
[    0.000000] setup_percpu: NR_CPUS:8 nr_cpumask_bits:8 nr_cpu_ids:1 nr_node_ids:1
[    0.000000] PERCPU: Embedded 14 pages/cpu @f7be6000 s34240 r0 d23104 u57344
[    0.000000] pcpu-alloc: s34240 r0 d23104 u57344 alloc=14*4096
[    0.000000] pcpu-alloc: [0] 0 
[    0.000000] Built 1 zonelists in Zone order, mobility grouping on.  Total pages: 468247
[    0.000000] Kernel command line: BOOT_IMAGE=/boot/vmlinuz-3.2.0-67-generic-pae root=UUID=04c9f6cf-b7b0-4514-8c9a-5b9948093418 ro quiet splash vt.handoff=7
[    0.000000] PID hash table entries: 4096 (order: 2, 16384 bytes)
[    0.000000] Dentry cache hash table entries: 131072 (order: 7, 524288 bytes)
[    0.000000] Inode-cache hash table entries: 65536 (order: 6, 262144 bytes)
[    0.000000] Initializing CPU#0
[    0.000000] allocated 7552512 bytes of page_cgroup
[    0.000000] please try 'cgroup_disable=memory' option if you don't want memory cgroups
[    0.000000] Initializing HighMem for node 0 (00037bfe:000733f0)
[    0.000000] Memory: 1840440k/1888192k available (5849k kernel code, 47300k reserved, 2859k data, 744k init, 974792k highmem)
[    0.000000] virtual kernel memory layout:
[    0.000000]     fixmap  : 0xfff16000 - 0xfffff000   ( 932 kB)
[    0.000000]     pkmap   : 0xffc00000 - 0xffe00000   (2048 kB)
[    0.000000]     vmalloc : 0xf83fe000 - 0xffbfe000   ( 120 MB)
[    0.000000]     lowmem  : 0xc0000000 - 0xf7bfe000   ( 891 MB)
[    0.000000]       .init : 0xc1882000 - 0xc193c000   ( 744 kB)
[    0.000000]       .data : 0xc15b65fc - 0xc18813c0   (2859 kB)
[    0.000000]       .text : 0xc1000000 - 0xc15b65fc   (5849 kB)
[    0.000000] Checking if this processor honours the WP bit even in supervisor mode...Ok.
[    0.000000] SLUB: Genslabs=15, HWalign=64, Order=0-3, MinObjects=0, CPUs=1, Nodes=1
[    0.000000] Hierarchical RCU implementation.
[    0.000000] 	RCU dyntick-idle grace-period acceleration is enabled.
[    0.000000] NR_IRQS:2304 nr_irqs:256 16
[    0.000000] CPU 0 irqstacks, hard=f5008000 soft=f500a000
[    0.000000] vt handoff: transparent VT on vt#7
[    0.000000] Console: colour dummy device 80x25
[    0.000000] console [tty0] enabled
[    0.000000] Fast TSC calibration using PIT
[    0.000000] Detected 2870.381 MHz processor.
[    0.004002] Calibrating delay loop (skipped), value calculated using timer frequency.. 5740.76 BogoMIPS (lpj=11481524)
[    0.004005] pid_max: default: 32768 minimum: 301
[    0.004023] Security Framework initialized
[    0.004043] AppArmor: AppArmor initialized
[    0.004044] Yama: becoming mindful.
[    0.004074] Mount-cache hash table entries: 512
[    0.004135] Initializing cgroup subsys cpuacct
[    0.004138] Initializing cgroup subsys memory
[    0.004142] Initializing cgroup subsys devices
[    0.004143] Initializing cgroup subsys freezer
[    0.004145] Initializing cgroup subsys blkio
[    0.004148] Initializing cgroup subsys perf_event
[    0.004248] mce: CPU supports 0 MCE banks
[    0.004338] using mwait in idle threads.
[    0.005855] SMP alternatives: switching to UP code
[    0.034339] Freeing SMP alternatives: 24k freed
[    0.034351] ACPI: Core revision 20110623
[    0.034828] ACPI: setting ELCR to 0200 (from 0e20)
[    0.034863] ftrace: allocating 26157 entries in 52 pages
[    0.037219] weird, boot CPU (#0) not listed by the BIOS.
[    0.037252] SMP motherboard not detected.
[    0.037274] Enabling APIC mode:  Flat.  Using 0 I/O APICs
[    0.040002] SMP disabled
[    0.040002] Performance Events: unsupported p6 CPU model 58 no PMU driver, software events only.
[    0.040002] NMI watchdog disabled (cpu0): hardware events not enabled
[    0.040002] Brought up 1 CPUs
[    0.040002] Total of 1 processors activated (5740.76 BogoMIPS).
[    0.040002] devtmpfs: initialized
[    0.040002] EVM: security.selinux
[    0.040002] EVM: security.SMACK64
[    0.040002] EVM: security.capability
[    0.040002] print_constraints: dummy: 
[    0.040002] RTC time:  0:58:41, date: 09/22/14
[    0.040002] NET: Registered protocol family 16
[    0.040002] EISA bus registered
[    0.040002] ACPI: bus type pci registered
[    0.040002] PCI : PCI BIOS aera is rw and x. Use pci=nobios if you want it NX.
[    0.040002] PCI: PCI BIOS revision 2.10 entry at 0xfda26, last bus=0
[    0.040002] PCI: Using configuration type 1 for base access
[    0.040002] bio: create slab <bio-0> at 0
[    0.040002] ACPI: Added _OSI(Module Device)
[    0.040002] ACPI: Added _OSI(Processor Device)
[    0.040002] ACPI: Added _OSI(3.0 _SCP Extensions)
[    0.040002] ACPI: Added _OSI(Processor Aggregator Device)
[    0.040002] ACPI: EC: Look up EC in DSDT
[    0.040002] ACPI: Executed 1 blocks of module-level executable AML code
[    0.040002] ACPI: Interpreter enabled
[    0.040002] ACPI: (supports S0 S5)
[    0.040002] ACPI: Using PIC for interrupt routing
[    0.040606] ACPI: No dock devices found.
[    0.040607] HEST: Table not found.
[    0.040610] PCI: Ignoring host bridge windows from ACPI; if necessary, use "pci=use_crs" and report a bug
[    0.040649] ACPI: PCI Root Bridge [PCI0] (domain 0000 [bus 00-ff])
[    0.040722] pci_root PNP0A03:00: host bridge window [io  0x0000-0x0cf7] (ignored)
[    0.040723] pci_root PNP0A03:00: host bridge window [io  0x0d00-0xffff] (ignored)
[    0.040725] pci_root PNP0A03:00: host bridge window [mem 0x000a0000-0x000bffff] (ignored)
[    0.040726] pci_root PNP0A03:00: host bridge window [mem 0x73400000-0xffdfffff] (ignored)
[    0.040764] pci 0000:00:00.0: [8086:1237] type 0 class 0x000600
[    0.041084] pci 0000:00:01.0: [8086:7000] type 0 class 0x000601
[    0.041568] pci 0000:00:01.1: [8086:7111] type 0 class 0x000101
[    0.041916] pci 0000:00:01.1: reg 20: [io  0xd000-0xd00f]
[    0.042171] pci 0000:00:02.0: [80ee:beef] type 0 class 0x000300
[    0.044143] pci 0000:00:02.0: reg 10: [mem 0xe0000000-0xe3ffffff pref]
[    0.062645] pci 0000:00:03.0: [8086:100e] type 0 class 0x000200
[    0.064112] pci 0000:00:03.0: reg 10: [mem 0xf0000000-0xf001ffff]
[    0.067321] pci 0000:00:03.0: reg 18: [io  0xd010-0xd017]
[    0.074017] pci 0000:00:04.0: [80ee:cafe] type 0 class 0x000880
[    0.075647] pci 0000:00:04.0: reg 10: [io  0xd020-0xd03f]
[    0.076598] pci 0000:00:04.0: reg 14: [mem 0xf0400000-0xf07fffff]
[    0.078196] pci 0000:00:04.0: reg 18: [mem 0xf0800000-0xf0803fff pref]
[    0.084961] pci 0000:00:05.0: [8086:2415] type 0 class 0x000401
[    0.085205] pci 0000:00:05.0: reg 10: [io  0xd100-0xd1ff]
[    0.085331] pci 0000:00:05.0: reg 14: [io  0xd200-0xd23f]
[    0.085879] pci 0000:00:06.0: [106b:003f] type 0 class 0x000c03
[    0.087457] pci 0000:00:06.0: reg 10: [mem 0xf0804000-0xf0804fff]
[    0.096141] pci 0000:00:07.0: [8086:7113] type 0 class 0x000680
[    0.096789] pci 0000:00:0d.0: [8086:2829] type 0 class 0x000106
[    0.098255] pci 0000:00:0d.0: reg 10: [io  0xd240-0xd247]
[    0.100449] pci 0000:00:0d.0: reg 18: [io  0xd250-0xd257]
[    0.103567] pci 0000:00:0d.0: reg 20: [io  0xd260-0xd26f]
[    0.104642] pci 0000:00:0d.0: reg 24: [mem 0xf0806000-0xf0807fff]
[    0.107019] pci_bus 0000:00: on NUMA node 0
[    0.107048] ACPI: PCI Interrupt Routing Table [\_SB_.PCI0._PRT]
[    0.107619]  pci0000:00: Unable to request _OSC control (_OSC support mask: 0x1e)
[    0.109708] ACPI: PCI Interrupt Link [LNKA] (IRQs *5 9 10 11)
[    0.109863] ACPI: PCI Interrupt Link [LNKB] (IRQs 5 9 10 *11)
[    0.109915] ACPI: PCI Interrupt Link [LNKC] (IRQs 5 9 *10 11)
[    0.109967] ACPI: PCI Interrupt Link [LNKD] (IRQs 5 *9 10 11)
[    0.110109] vgaarb: device added: PCI:0000:00:02.0,decodes=io+mem,owns=io+mem,locks=none
[    0.110112] vgaarb: loaded
[    0.110112] vgaarb: bridge control possible 0000:00:02.0
[    0.110183] i2c-core: driver [aat2870] using legacy suspend method
[    0.110184] i2c-core: driver [aat2870] using legacy resume method
[    0.110235] SCSI subsystem initialized
[    0.110287] libata version 3.00 loaded.
[    0.110323] usbcore: registered new interface driver usbfs
[    0.110329] usbcore: registered new interface driver hub
[    0.110343] usbcore: registered new device driver usb
[    0.110395] PCI: Using ACPI for IRQ routing
[    0.110396] PCI: pci_cache_line_size set to 64 bytes
[    0.110571] reserve RAM buffer: 000000000009fc00 - 000000000009ffff 
[    0.110575] reserve RAM buffer: 00000000733f0000 - 0000000073ffffff 
[    0.110646] NetLabel: Initializing
[    0.110647] NetLabel:  domain hash size = 128
[    0.110648] NetLabel:  protocols = UNLABELED CIPSOv4
[    0.110654] NetLabel:  unlabeled traffic allowed by default
[    0.115030] AppArmor: AppArmor Filesystem Enabled
[    0.115042] pnp: PnP ACPI init
[    0.115050] ACPI: bus type pnp registered
[    0.115093] pnp 00:00: [bus 00-ff]
[    0.115095] pnp 00:00: [io  0x0cf8-0x0cff]
[    0.115097] pnp 00:00: [io  0x0000-0x0cf7 window]
[    0.115098] pnp 00:00: [io  0x0d00-0xffff window]
[    0.115100] pnp 00:00: [mem 0x000a0000-0x000bffff window]
[    0.115101] pnp 00:00: [mem 0x73400000-0xffdfffff window]
[    0.115119] pnp 00:00: Plug and Play ACPI device, IDs PNP0a03 (active)
[    0.115129] pnp 00:01: [io  0x0060]
[    0.115130] pnp 00:01: [io  0x0064]
[    0.115132] pnp 00:01: [irq 1]
[    0.115144] pnp 00:01: Plug and Play ACPI device, IDs PNP0303 (active)
[    0.115148] pnp 00:02: [io  0x0000-0x000f]
[    0.115150] pnp 00:02: [io  0x0080-0x008f]
[    0.115151] pnp 00:02: [io  0x00c0-0x00df]
[    0.115152] pnp 00:02: [dma 4]
[    0.115162] pnp 00:02: Plug and Play ACPI device, IDs PNP0200 (active)
[    0.115189] pnp 00:03: [irq 12]
[    0.115202] pnp 00:03: Plug and Play ACPI device, IDs PNP0f03 (active)
[    0.115209] pnp 00:04: [io  0x0378-0x037f]
[    0.115211] pnp 00:04: [io  0x0778-0x077f]
[    0.115212] pnp 00:04: [irq 7]
[    0.115223] pnp 00:04: Plug and Play ACPI device, IDs PNP0400 (active)
[    0.115554] pnp: PnP ACPI: found 5 devices
[    0.115555] ACPI: ACPI bus type pnp unregistered
[    0.115557] PnPBIOS: Disabled by ACPI PNP
[    0.150982] Switching to clocksource acpi_pm
[    0.150997] PCI: max bus depth: 0 pci_try_num: 1
[    0.151001] pci_bus 0000:00: resource 0 [io  0x0000-0xffff]
[    0.151003] pci_bus 0000:00: resource 1 [mem 0x00000000-0xfffffffff]
[    0.151026] NET: Registered protocol family 2
[    0.151063] IP route cache hash table entries: 32768 (order: 5, 131072 bytes)
[    0.151160] TCP established hash table entries: 131072 (order: 8, 1048576 bytes)
[    0.151160] TCP bind hash table entries: 65536 (order: 7, 524288 bytes)
[    0.151160] TCP: Hash tables configured (established 131072 bind 65536)
[    0.151160] TCP reno registered
[    0.151160] UDP hash table entries: 512 (order: 2, 16384 bytes)
[    0.151160] UDP-Lite hash table entries: 512 (order: 2, 16384 bytes)
[    0.151160] NET: Registered protocol family 1
[    0.151160] pci 0000:00:00.0: Limiting direct PCI/PCI transfers
[    0.151160] pci 0000:00:01.0: Activating ISA DMA hang workarounds
[    0.151160] pci 0000:00:02.0: Boot video device
[    0.151160] ACPI: PCI Interrupt Link [LNKB] enabled at IRQ 11
[    0.151160] PCI: setting IRQ 11 as level-triggered
[    0.151160] pci 0000:00:06.0: PCI INT A -> Link[LNKB] -> GSI 11 (level, low) -> IRQ 11
[    0.151160] pci 0000:00:06.0: PCI INT A disabled
[    0.151160] PCI: CLS 0 bytes, default 64
[    0.151160] platform rtc_cmos: registered platform RTC device (no PNP device found)
[    0.151160] audit: initializing netlink socket (disabled)
[    0.151160] type=2000 audit(1411347520.148:1): initialized
[    0.164472] Trying to unpack rootfs image as initramfs...
[    0.184212] highmem bounce pool size: 64 pages
[    0.184216] HugeTLB registered 2 MB page size, pre-allocated 0 pages
[    0.188343] VFS: Disk quotas dquot_6.5.2
[    0.188375] Dquot-cache hash table entries: 1024 (order 0, 4096 bytes)
[    0.197084] fuse init (API version 7.17)
[    0.197164] msgmni has been set to 1690
[    0.204206] Block layer SCSI generic (bsg) driver version 0.4 loaded (major 253)
[    0.204223] io scheduler noop registered
[    0.204224] io scheduler deadline registered
[    0.204229] io scheduler cfq registered (default)
[    0.204292] pci_hotplug: PCI Hot Plug PCI Core version: 0.5
[    0.204303] pciehp: PCI Express Hot Plug Controller Driver version: 0.4
[    0.204396] ACPI: Deprecated procfs I/F for AC is loaded, please retry with CONFIG_ACPI_PROCFS_POWER cleared
[    0.204436] ACPI: AC Adapter [AC] (on-line)
[    0.204470] input: Power Button as /devices/LNXSYSTM:00/LNXPWRBN:00/input/input0
[    0.204473] ACPI: Power Button [PWRF]
[    0.204520] input: Sleep Button as /devices/LNXSYSTM:00/LNXSLPBN:00/input/input1
[    0.204522] ACPI: Sleep Button [SLPF]
[    0.205125] ACPI: Deprecated procfs I/F for battery is loaded, please retry with CONFIG_ACPI_PROCFS_POWER cleared
[    0.205131] ACPI: Battery Slot [BAT0] (battery present)
[    0.205139] ERST: Table is not found!
[    0.205140] GHES: HEST is not enabled!
[    0.205238] Serial: 8250/16550 driver, 32 ports, IRQ sharing enabled
[    0.205972] Linux agpgart interface v0.103
[    0.206752] brd: module loaded
[    0.207102] loop: module loaded
[    0.207181] ahci 0000:00:0d.0: version 3.0
[    0.207550] ACPI: PCI Interrupt Link [LNKA] enabled at IRQ 5
[    0.207551] PCI: setting IRQ 5 as level-triggered
[    0.207559] ahci 0000:00:0d.0: PCI INT A -> Link[LNKA] -> GSI 5 (level, low) -> IRQ 5
[    0.207684] ahci: SSS flag set, parallel bus scan disabled
[    0.207845] ahci 0000:00:0d.0: AHCI 0001.0100 32 slots 1 ports 3 Gbps 0x1 impl SATA mode
[    0.207847] ahci 0000:00:0d.0: flags: 64bit ncq stag only ccc 
[    0.207865] ahci 0000:00:0d.0: setting latency timer to 64
[    0.213005] scsi0 : ahci
[    0.213056] ata1: SATA max UDMA/133 abar m8192@0xf0806000 port 0xf0806100 irq 5
[    0.213083] ata_piix 0000:00:01.1: version 2.13
[    0.213159] ata_piix 0000:00:01.1: setting latency timer to 64
[    0.213883] ACPI: Battery Slot [BAT0] (battery present)
[    0.213891] isapnp: Scanning for PnP cards...
[    0.219485] scsi1 : ata_piix
[    0.219611] scsi2 : ata_piix
[    0.219638] ata2: PATA max UDMA/33 cmd 0x1f0 ctl 0x3f6 bmdma 0xd000 irq 14
[    0.219640] ata3: PATA max UDMA/33 cmd 0x170 ctl 0x376 bmdma 0xd008 irq 15
[    0.219825] Fixed MDIO Bus: probed
[    0.219835] tun: Universal TUN/TAP device driver, 1.6
[    0.219836] tun: (C) 1999-2004 Max Krasnyansky <maxk@qualcomm.com>
[    0.219862] PPP generic driver version 2.4.2
[    0.219913] ehci_hcd: USB 2.0 'Enhanced' Host Controller (EHCI) Driver
[    0.219921] ohci_hcd: USB 1.1 'Open' Host Controller (OHCI) Driver
[    0.219936] ohci_hcd 0000:00:06.0: PCI INT A -> Link[LNKB] -> GSI 11 (level, low) -> IRQ 11
[    0.219983] ohci_hcd 0000:00:06.0: setting latency timer to 64
[    0.219992] ohci_hcd 0000:00:06.0: OHCI Host Controller
[    0.220018] ohci_hcd 0000:00:06.0: new USB bus registered, assigned bus number 1
[    0.220044] ohci_hcd 0000:00:06.0: irq 11, io mem 0xf0804000
[    0.400305] hub 1-0:1.0: USB hub found
[    0.400318] hub 1-0:1.0: 8 ports detected
[    0.400567] uhci_hcd: USB Universal Host Controller Interface driver
[    0.400610] usbcore: registered new interface driver libusual
[    0.400631] i8042: PNP: PS/2 Controller [PNP0303:PS2K,PNP0f03:PS2M] at 0x60,0x64 irq 1,12
[    0.964832] ata3.00: ATAPI: VBOX CD-ROM, 1.0, max UDMA/133
[    0.965190] ata3.00: configured for UDMA/33
[    1.100190] ata1: SATA link up 3.0 Gbps (SStatus 123 SControl 300)
[    1.100288] ata1.00: ATA-6: VBOX HARDDISK, 1.0, max UDMA/133
[    1.100291] ata1.00: 37748736 sectors, multi 128: LBA48 NCQ (depth 31/32)
[    1.100416] ata1.00: configured for UDMA/133
[    1.164194] Refined TSC clocksource calibration: 2870.265 MHz.
[    1.164198] Switching to clocksource tsc
[    1.305182] isapnp: No Plug & Play device found
[    1.305279] scsi 0:0:0:0: Direct-Access     ATA      VBOX HARDDISK    1.0  PQ: 0 ANSI: 5
[    1.305405] sd 0:0:0:0: Attached scsi generic sg0 type 0
[    1.305704] scsi 2:0:0:0: CD-ROM            VBOX     CD-ROM           1.0  PQ: 0 ANSI: 5
[    1.306101] sd 0:0:0:0: [sda] 37748736 512-byte logical blocks: (19.3 GB/18.0 GiB)
[    1.306286] sr0: scsi3-mmc drive: 32x/32x xa/form2 tray
[    1.306288] cdrom: Uniform CD-ROM driver Revision: 3.20
[    1.306356] sr 2:0:0:0: Attached scsi CD-ROM sr0
[    1.306476] sr 2:0:0:0: Attached scsi generic sg1 type 5
[    1.306522] sd 0:0:0:0: [sda] Write Protect is off
[    1.306523] sd 0:0:0:0: [sda] Mode Sense: 00 3a 00 00
[    1.306534] sd 0:0:0:0: [sda] Write cache: enabled, read cache: enabled, doesn't support DPO or FUA
[    1.317124] Freeing initrd memory: 13860k freed
[    1.318851] serio: i8042 KBD port at 0x60,0x64 irq 1
[    1.318858] serio: i8042 AUX port at 0x60,0x64 irq 12
[    1.318955] mousedev: PS/2 mouse device common for all mice
[    1.319291] input: AT Translated Set 2 keyboard as /devices/platform/i8042/serio0/input/input2
[    1.319613] rtc_cmos rtc_cmos: rtc core: registered rtc_cmos as rtc0
[    1.319613] rtc0: alarms up to one day, 114 bytes nvram
[    1.319613] device-mapper: uevent: version 1.0.3
[    1.319613] device-mapper: ioctl: 4.22.0-ioctl (2011-10-19) initialised: dm-devel@redhat.com
[    1.319613] EISA: Probing bus 0 at eisa.0
[    1.319613] Cannot allocate resource for EISA slot 4
[    1.319613] EISA: Detected 0 cards.
[    1.319613] cpufreq-nforce2: No nForce2 chipset.
[    1.319613] cpuidle: using governor ladder
[    1.319613] cpuidle: using governor menu
[    1.319613] EFI Variables Facility v0.08 2004-May-17
[    1.319700] TCP cubic registered
[    1.319772] NET: Registered protocol family 10
[    1.320017] NET: Registered protocol family 17
[    1.320020] Registering the dns_resolver key type
[    1.320034] Using IPI No-Shortcut mode
[    1.320087] PM: Hibernation image not present or could not be loaded.
[    1.320095] registered taskstats version 1
[    1.325640]   Magic number: 14:111:962
[    1.325713] rtc_cmos rtc_cmos: setting system clock to 2014-09-22 00:58:42 UTC (1411347522)
[    1.325722] BIOS EDD facility v0.16 2004-Jun-25, 0 devices found
[    1.325723] EDD information not available.
[    1.342979]  sda: sda1 sda2 < sda5 >
[    1.343294] sd 0:0:0:0: [sda] Attached SCSI disk
[    1.343338] Freeing unused kernel memory: 744k freed
[    1.343493] Write protecting the kernel text: 5852k
[    1.343511] Write protecting the kernel read-only data: 2388k
[    1.343513] NX-protecting the kernel data: 4388k
[    1.362277] udevd[87]: starting version 175
[    1.372140] usb 1-1: new full-speed USB device number 2 using ohci_hcd
[    1.438850] e1000: Intel(R) PRO/1000 Network Driver - version 7.3.21-k8-NAPI
[    1.438852] e1000: Copyright (c) 1999-2006 Intel Corporation.
[    1.439208] ACPI: PCI Interrupt Link [LNKC] enabled at IRQ 10
[    1.439211] PCI: setting IRQ 10 as level-triggered
[    1.439222] e1000 0000:00:03.0: PCI INT A -> Link[LNKC] -> GSI 10 (level, low) -> IRQ 10
[    1.439272] e1000 0000:00:03.0: setting latency timer to 64
[    1.884725] e1000 0000:00:03.0: eth0: (PCI:33MHz:32-bit) 08:00:27:2d:44:05
[    1.884728] e1000 0000:00:03.0: eth0: Intel(R) PRO/1000 Network Connection
[    1.938313] EXT4-fs (sda1): INFO: recovery required on readonly filesystem
[    1.938316] EXT4-fs (sda1): write access will be enabled during recovery
[    1.998578] input: VirtualBox USB Tablet as /devices/pci0000:00/0000:00:06.0/usb1/1-1/1-1:1.0/input/input3
[    1.998756] generic-usb 0003:80EE:0021.0001: input,hidraw0: USB HID v1.10 Mouse [VirtualBox USB Tablet] on usb-0000:00:06.0-1/input0
[    1.998883] usbcore: registered new interface driver usbhid
[    1.998884] usbhid: USB HID core driver
[    2.659119] EXT4-fs (sda1): orphan cleanup on readonly fs
[    2.659125] EXT4-fs (sda1): ext4_orphan_cleanup: deleting unreferenced inode 659054
[    2.659159] EXT4-fs (sda1): ext4_orphan_cleanup: deleting unreferenced inode 659052
[    2.659167] EXT4-fs (sda1): ext4_orphan_cleanup: deleting unreferenced inode 657056
[    2.659171] EXT4-fs (sda1): ext4_orphan_cleanup: deleting unreferenced inode 656928
[    2.659178] EXT4-fs (sda1): ext4_orphan_cleanup: deleting unreferenced inode 656773
[    2.659184] EXT4-fs (sda1): 5 orphan inodes deleted
[    2.659185] EXT4-fs (sda1): recovery complete
[    2.900891] EXT4-fs (sda1): mounted filesystem with ordered data mode. Opts: (null)
[   14.812076] Adding 521212k swap on /dev/sda5.  Priority:-1 extents:1 across:521212k 
[   14.819680] ADDRCONF(NETDEV_UP): eth0: link is not ready
[   14.910564] udevd[388]: starting version 175
[   14.949639] lp: driver loaded but no devices found
[   14.993071] piix4_smbus 0000:00:07.0: SMBus base address uninitialized - upgrade BIOS or use force_addr=0xaddr
[   15.057037] type=1400 audit(1411347536.226:2): apparmor="STATUS" operation="profile_load" name="/sbin/dhclient" pid=450 comm="apparmor_parser"
[   15.057326] type=1400 audit(1411347536.226:3): apparmor="STATUS" operation="profile_load" name="/usr/lib/NetworkManager/nm-dhcp-client.action" pid=450 comm="apparmor_parser"
[   15.057474] type=1400 audit(1411347536.226:4): apparmor="STATUS" operation="profile_load" name="/usr/lib/connman/scripts/dhclient-script" pid=450 comm="apparmor_parser"
[   15.088699] parport_pc 00:04: reported by Plug and Play ACPI
[   15.094111] input: ImExPS/2 Generic Explorer Mouse as /devices/platform/i8042/serio1/input/input4
[   15.097451] ACPI: PCI Interrupt Link [LNKD] enabled at IRQ 9
[   15.097454] PCI: setting IRQ 9 as level-triggered
[   15.097460] vboxguest 0000:00:04.0: PCI INT A -> Link[LNKD] -> GSI 9 (level, low) -> IRQ 9
[   15.098202] input: Unspecified device as /devices/pci0000:00/0000:00:04.0/input/input5
[   15.098369] vboxguest: major 0, IRQ 9, I/O port d020, MMIO at 00000000f0400000 (size 0x400000)
[   15.098371] vboxguest: Successfully loaded version 4.2.14 (interface 0x00010004)
[   15.334466] ppdev: user-space parallel port driver
[   15.360088] snd_intel8x0 0000:00:05.0: PCI INT A -> Link[LNKA] -> GSI 5 (level, low) -> IRQ 5
[   15.360132] snd_intel8x0 0000:00:05.0: setting latency timer to 64
[   15.772516] intel8x0_measure_ac97_clock: measured 56396 usecs (9876 samples)
[   15.772522] intel8x0: measured clock 175118 rejected
[   16.132389] intel8x0_measure_ac97_clock: measured 55857 usecs (7680 samples)
[   16.132395] intel8x0: measured clock 137493 rejected
[   16.492246] intel8x0_measure_ac97_clock: measured 55847 usecs (7200 samples)
[   16.492249] intel8x0: measured clock 128923 rejected
[   16.492251] intel8x0: clocking to 48000
[   17.239899] vesafb: mode is 640x480x32, linelength=2560, pages=0
[   17.239905] vesafb: scrolling: redraw
[   17.239909] vesafb: Truecolor: size=8:8:8:8, shift=24:16:8:0
[   17.239929] mtrr: your processor doesn't support write-combining
[   17.240085] vesafb: framebuffer at 0xe0000000, mapped to 0xf9e80000, using 1216k, total 1216k
[   17.241026] Console: switching to colour frame buffer device 80x30
[   17.241050] fb0: VESA VGA frame buffer device
[   17.294054] EXT4-fs (sda1): re-mounted. Opts: errors=remount-ro
[   17.393961] init: failsafe main process (693) killed by TERM signal
[   17.791089] Bluetooth: Core ver 2.16
[   17.791109] NET: Registered protocol family 31
[   17.791111] Bluetooth: HCI device and connection manager initialized
[   17.791112] Bluetooth: HCI socket layer initialized
[   17.791113] Bluetooth: L2CAP socket layer initialized
[   17.792991] Bluetooth: SCO socket layer initialized
[   17.806800] type=1400 audit(1411347538.974:5): apparmor="STATUS" operation="profile_load" name="/usr/lib/cups/backend/cups-pdf" pid=756 comm="apparmor_parser"
[   17.807154] type=1400 audit(1411347538.974:6): apparmor="STATUS" operation="profile_load" name="/usr/sbin/cupsd" pid=756 comm="apparmor_parser"
[   17.819960] Bluetooth: BNEP (Ethernet Emulation) ver 1.3
[   17.819962] Bluetooth: BNEP filters: protocol multicast
[   17.864568] type=1400 audit(1411347539.034:7): apparmor="STATUS" operation="profile_load" name="/usr/lib/lightdm/lightdm/lightdm-guest-session-wrapper" pid=785 comm="apparmor_parser"
[   17.864696] type=1400 audit(1411347539.034:8): apparmor="STATUS" operation="profile_load" name="/usr/lib/lightdm/lightdm/lightdm-guest-session-wrapper//chromium_browser" pid=785 comm="apparmor_parser"
[   17.866746] type=1400 audit(1411347539.034:9): apparmor="STATUS" operation="profile_replace" name="/sbin/dhclient" pid=786 comm="apparmor_parser"
[   17.867028] type=1400 audit(1411347539.034:10): apparmor="STATUS" operation="profile_replace" name="/usr/lib/NetworkManager/nm-dhcp-client.action" pid=786 comm="apparmor_parser"
[   17.867174] type=1400 audit(1411347539.034:11): apparmor="STATUS" operation="profile_replace" name="/usr/lib/connman/scripts/dhclient-script" pid=786 comm="apparmor_parser"
[   18.060298] ADDRCONF(NETDEV_UP): eth0: link is not ready
[   18.061740] e1000: eth0 NIC Link is Up 1000 Mbps Full Duplex, Flow Control: RX
[   18.062110] ADDRCONF(NETDEV_CHANGE): eth0: link becomes ready
[   18.475627] vboxsf: Successfully loaded version 4.2.14 (interface 0x00010004)
[   18.494364] [drm] Initialized drm 1.1.0 20060810
[   18.494639] pci 0000:00:02.0: PCI INT A -> Link[LNKB] -> GSI 11 (level, low) -> IRQ 11
[   18.494654] pci 0000:00:02.0: setting latency timer to 64
[   18.495180] [drm] Supports vblank timestamp caching Rev 1 (10.10.2010).
[   18.495182] [drm] No driver support for vblank timestamp query.
[   18.495184] [drm] Initialized vboxvideo 1.0.0 20090303 for 0000:00:02.0 on minor 0
[   18.697491] Bluetooth: RFCOMM TTY layer initialized
[   18.697495] Bluetooth: RFCOMM socket layer initialized
[   18.697496] Bluetooth: RFCOMM ver 1.11
[   19.657965] init: plymouth-stop pre-start process (1198) terminated with status 1
[   20.660660] VBoxGuest: VBoxGuestCommonGuestCapsAcquire: pSession(0xf0e70610), OR(0x0), NOT(0xffffffff), flags(0x0)
[   21.152323] VBoxGuest: VBoxGuestCommonGuestCapsAcquire: pSession(0xf0e70610), OR(0x0), NOT(0xffffffff), flags(0x0)
[   28.202077] eth0: no IPv6 routers present
[   65.997022] VBoxGuest: VBoxGuestCommonGuestCapsAcquire: pSession(0xf193dc10), OR(0x0), NOT(0xffffffff), flags(0x0)
[   93.092029] VBoxGuest: VBoxGuestCommonGuestCapsAcquire: pSession(0xf196ce10), OR(0x0), NOT(0xffffffff), flags(0x0)
[  123.716028] usb 1-2: new full-speed USB device number 3 using ohci_hcd
[  124.246121] usbcore: registered new interface driver usbserial
[  124.246153] USB Serial support registered for generic
[  124.246621] usbcore: registered new interface driver usbserial_generic
[  124.246626] usbserial: USB Serial Driver core
[  124.261226] USB Serial support registered for FTDI USB Serial Device
[  124.261383] ftdi_sio 1-2:1.0: FTDI USB Serial Device converter detected
[  124.261493] usb 1-2: Detected FT2232C
[  124.261497] usb 1-2: Number of endpoints 2
[  124.261514] usb 1-2: Endpoint 1 MaxPacketSize 64
[  124.261518] usb 1-2: Endpoint 2 MaxPacketSize 64
[  124.261521] usb 1-2: Setting MaxPacketSize 64
[  124.269348] usb 1-2: FTDI USB Serial Device converter now attached to ttyUSB0
[  124.269360] ftdi_sio 1-2:1.1: FTDI USB Serial Device converter detected
[  124.269396] usb 1-2: Detected FT2232C
[  124.269397] usb 1-2: Number of endpoints 2
[  124.269398] usb 1-2: Endpoint 1 MaxPacketSize 64
[  124.269399] usb 1-2: Endpoint 2 MaxPacketSize 64
[  124.269400] usb 1-2: Setting MaxPacketSize 64
[  124.275860] usb 1-2: FTDI USB Serial Device converter now attached to ttyUSB1
[  124.275914] usbcore: registered new interface driver ftdi_sio
[  124.275915] ftdi_sio: v1.6.0:USB FTDI Serial Converters Driver
[  126.132105] usb 1-3: new full-speed USB device number 4 using ohci_hcd
[  126.609903] ftdi_sio 1-3:1.0: FTDI USB Serial Device converter detected
[  126.609962] usb 1-3: Detected FT232RL
[  126.609965] usb 1-3: Number of endpoints 2
[  126.609968] usb 1-3: Endpoint 1 MaxPacketSize 64
[  126.609971] usb 1-3: Endpoint 2 MaxPacketSize 64
[  126.609975] usb 1-3: Setting MaxPacketSize 64
[  126.614943] usb 1-3: FTDI USB Serial Device converter now attached to ttyUSB2
[  141.614555] VBoxGuest: VBoxGuestCommonGuestCapsAcquire: pSession(0xf1997e10), OR(0x0), NOT(0xffffffff), flags(0x0)
[  347.342371] usb 1-3: USB disconnect, device number 4
[  347.342505] ftdi_sio ttyUSB2: FTDI USB Serial Device converter now disconnected from ttyUSB2
[  347.342511] ftdi_sio 1-3:1.0: device disconnected
[  351.408217] usb 1-3: new full-speed USB device number 5 using ohci_hcd
[  351.908942] ftdi_sio 1-3:1.0: FTDI USB Serial Device converter detected
[  351.908993] usb 1-3: Detected FT232RL
[  351.908997] usb 1-3: Number of endpoints 2
[  351.909000] usb 1-3: Endpoint 1 MaxPacketSize 64
[  351.909003] usb 1-3: Endpoint 2 MaxPacketSize 64
[  351.909006] usb 1-3: Setting MaxPacketSize 64
[  351.914707] usb 1-3: FTDI USB Serial Device converter now attached to ttyUSB3
[  392.635026] usb 1-3: USB disconnect, device number 5
[  392.635237] ftdi_sio ttyUSB3: FTDI USB Serial Device converter now disconnected from ttyUSB3
[  392.635259] ftdi_sio 1-3:1.0: device disconnected
[    0.000000] Initializing cgroup subsys cpuset
[    0.000000] Initializing cgroup subsys cpu
[    0.000000] Linux version 3.2.0-67-generic-pae (buildd@toyol) (gcc version 4.6.3 (Ubuntu/Linaro 4.6.3-1ubuntu5) ) #101-Ubuntu SMP Tue Jul 15 18:04:54 UTC 2014 (Ubuntu 3.2.0-67.101-generic-pae 3.2.60)
[    0.000000] KERNEL supported cpus:
[    0.000000]   Intel GenuineIntel
[    0.000000]   AMD AuthenticAMD
[    0.000000]   NSC Geode by NSC
[    0.000000]   Cyrix CyrixInstead
[    0.000000]   Centaur CentaurHauls
[    0.000000]   Transmeta GenuineTMx86
[    0.000000]   Transmeta TransmetaCPU
[    0.000000]   UMC UMC UMC UMC
[    0.000000] BIOS-provided physical RAM map:
[    0.000000]  BIOS-e820: 0000000000000000 - 000000000009fc00 (usable)
[    0.000000]  BIOS-e820: 000000000009fc00 - 00000000000a0000 (reserved)
[    0.000000]  BIOS-e820: 00000000000f0000 - 0000000000100000 (reserved)
[    0.000000]  BIOS-e820: 0000000000100000 - 00000000733f0000 (usable)
[    0.000000]  BIOS-e820: 00000000733f0000 - 0000000073400000 (ACPI data)
[    0.000000]  BIOS-e820: 00000000fffc0000 - 0000000100000000 (reserved)
[    0.000000] NX (Execute Disable) protection: active
[    0.000000] SMBIOS 2.5 present.
[    0.000000] DMI: innotek GmbH VirtualBox/VirtualBox, BIOS VirtualBox 12/01/2006
[    0.000000] e820 update range: 0000000000000000 - 0000000000010000 (usable) ==> (reserved)
[    0.000000] e820 remove range: 00000000000a0000 - 0000000000100000 (usable)
[    0.000000] last_pfn = 0x733f0 max_arch_pfn = 0x1000000
[    0.000000] MTRR default type: uncachable
[    0.000000] MTRR variable ranges disabled:
[    0.000000] x86 PAT enabled: cpu 0, old 0x7040600070406, new 0x7010600070106
[    0.000000] CPU MTRRs all blank - virtualized system.
[    0.000000] initial memory mapped : 0 - 02000000
[    0.000000] Base memory trampoline at [c009b000] 9b000 size 16384
[    0.000000] init_memory_mapping: 0000000000000000-0000000037bfe000
[    0.000000]  0000000000 - 0000200000 page 4k
[    0.000000]  0000200000 - 0037a00000 page 2M
[    0.000000]  0037a00000 - 0037bfe000 page 4k
[    0.000000] kernel direct mapping tables up to 37bfe000 @ 1ffa000-2000000
[    0.000000] RAMDISK: 364de000 - 37267000
[    0.000000] ACPI: RSDP 000e0000 00024 (v02 VBOX  )
[    0.000000] ACPI: XSDT 733f0030 00034 (v01 VBOX   VBOXXSDT 00000001 ASL  00000061)
[    0.000000] ACPI: FACP 733f00f0 000F4 (v04 VBOX   VBOXFACP 00000001 ASL  00000061)
[    0.000000] ACPI: DSDT 733f0410 01B96 (v01 VBOX   VBOXBIOS 00000002 INTL 20100528)
[    0.000000] ACPI: FACS 733f0200 00040
[    0.000000] ACPI: SSDT 733f0240 001CC (v01 VBOX   VBOXCPUT 00000002 INTL 20100528)
[    0.000000] 951MB HIGHMEM available.
[    0.000000] 891MB LOWMEM available.
[    0.000000]   mapped low ram: 0 - 37bfe000
[    0.000000]   low ram: 0 - 37bfe000
[    0.000000] Zone PFN ranges:
[    0.000000]   DMA      0x00000010 -> 0x00001000
[    0.000000]   Normal   0x00001000 -> 0x00037bfe
[    0.000000]   HighMem  0x00037bfe -> 0x000733f0
[    0.000000] Movable zone start PFN for each node
[    0.000000] early_node_map[2] active PFN ranges
[    0.000000]     0: 0x00000010 -> 0x0000009f
[    0.000000]     0: 0x00000100 -> 0x000733f0
[    0.000000] On node 0 totalpages: 471935
[    0.000000] free_area_init_node: node 0, pgdat c1873b80, node_mem_map f5676200
[    0.000000]   DMA zone: 32 pages used for memmap
[    0.000000]   DMA zone: 0 pages reserved
[    0.000000]   DMA zone: 3951 pages, LIFO batch:0
[    0.000000]   Normal zone: 1752 pages used for memmap
[    0.000000]   Normal zone: 222502 pages, LIFO batch:31
[    0.000000]   HighMem zone: 1904 pages used for memmap
[    0.000000]   HighMem zone: 241794 pages, LIFO batch:31
[    0.000000] Using APIC driver default
[    0.000000] ACPI: PM-Timer IO Port: 0x4008
[    0.000000] SMP: Allowing 1 CPUs, 0 hotplug CPUs
[    0.000000] Found and enabled local APIC!
[    0.000000] nr_irqs_gsi: 16
[    0.000000] PM: Registered nosave memory: 000000000009f000 - 00000000000a0000
[    0.000000] PM: Registered nosave memory: 00000000000a0000 - 00000000000f0000
[    0.000000] PM: Registered nosave memory: 00000000000f0000 - 0000000000100000
[    0.000000] Allocating PCI resources starting at 73400000 (gap: 73400000:8cbc0000)
[    0.000000] Booting paravirtualized kernel on bare hardware
[    0.000000] setup_percpu: NR_CPUS:8 nr_cpumask_bits:8 nr_cpu_ids:1 nr_node_ids:1
[    0.000000] PERCPU: Embedded 14 pages/cpu @f7be6000 s34240 r0 d23104 u57344
[    0.000000] pcpu-alloc: s34240 r0 d23104 u57344 alloc=14*4096
[    0.000000] pcpu-alloc: [0] 0 
[    0.000000] Built 1 zonelists in Zone order, mobility grouping on.  Total pages: 468247
[    0.000000] Kernel command line: BOOT_IMAGE=/boot/vmlinuz-3.2.0-67-generic-pae root=UUID=04c9f6cf-b7b0-4514-8c9a-5b9948093418 ro quiet splash vt.handoff=7
[    0.000000] PID hash table entries: 4096 (order: 2, 16384 bytes)
[    0.000000] Dentry cache hash table entries: 131072 (order: 7, 524288 bytes)
[    0.000000] Inode-cache hash table entries: 65536 (order: 6, 262144 bytes)
[    0.000000] Initializing CPU#0
[    0.000000] allocated 7552512 bytes of page_cgroup
[    0.000000] please try 'cgroup_disable=memory' option if you don't want memory cgroups
[    0.000000] Initializing HighMem for node 0 (00037bfe:000733f0)
[    0.000000] Memory: 1840440k/1888192k available (5849k kernel code, 47300k reserved, 2859k data, 744k init, 974792k highmem)
[    0.000000] virtual kernel memory layout:
[    0.000000]     fixmap  : 0xfff16000 - 0xfffff000   ( 932 kB)
[    0.000000]     pkmap   : 0xffc00000 - 0xffe00000   (2048 kB)
[    0.000000]     vmalloc : 0xf83fe000 - 0xffbfe000   ( 120 MB)
[    0.000000]     lowmem  : 0xc0000000 - 0xf7bfe000   ( 891 MB)
[    0.000000]       .init : 0xc1882000 - 0xc193c000   ( 744 kB)
[    0.000000]       .data : 0xc15b65fc - 0xc18813c0   (2859 kB)
[    0.000000]       .text : 0xc1000000 - 0xc15b65fc   (5849 kB)
[    0.000000] Checking if this processor honours the WP bit even in supervisor mode...Ok.
[    0.000000] SLUB: Genslabs=15, HWalign=64, Order=0-3, MinObjects=0, CPUs=1, Nodes=1
[    0.000000] Hierarchical RCU implementation.
[    0.000000] 	RCU dyntick-idle grace-period acceleration is enabled.
[    0.000000] NR_IRQS:2304 nr_irqs:256 16
[    0.000000] CPU 0 irqstacks, hard=f5008000 soft=f500a000
[    0.000000] vt handoff: transparent VT on vt#7
[    0.000000] Console: colour dummy device 80x25
[    0.000000] console [tty0] enabled
[    0.000000] Fast TSC calibration using PIT
[    0.000000] Detected 2870.381 MHz processor.
[    0.004002] Calibrating delay loop (skipped), value calculated using timer frequency.. 5740.76 BogoMIPS (lpj=11481524)
[    0.004005] pid_max: default: 32768 minimum: 301
[    0.004023] Security Framework initialized
[    0.004043] AppArmor: AppArmor initialized
[    0.004044] Yama: becoming mindful.
[    0.004074] Mount-cache hash table entries: 512
[    0.004135] Initializing cgroup subsys cpuacct
[    0.004138] Initializing cgroup subsys memory
[    0.004142] Initializing cgroup subsys devices
[    0.004143] Initializing cgroup subsys freezer
[    0.004145] Initializing cgroup subsys blkio
[    0.004148] Initializing cgroup subsys perf_event
[    0.004248] mce: CPU supports 0 MCE banks
[    0.004338] using mwait in idle threads.
[    0.005855] SMP alternatives: switching to UP code
[    0.034339] Freeing SMP alternatives: 24k freed
[    0.034351] ACPI: Core revision 20110623
[    0.034828] ACPI: setting ELCR to 0200 (from 0e20)
[    0.034863] ftrace: allocating 26157 entries in 52 pages
[    0.037219] weird, boot CPU (#0) not listed by the BIOS.
[    0.037252] SMP motherboard not detected.
[    0.037274] Enabling APIC mode:  Flat.  Using 0 I/O APICs
[    0.040002] SMP disabled
[    0.040002] Performance Events: unsupported p6 CPU model 58 no PMU driver, software events only.
[    0.040002] NMI watchdog disabled (cpu0): hardware events not enabled
[    0.040002] Brought up 1 CPUs
[    0.040002] Total of 1 processors activated (5740.76 BogoMIPS).
[    0.040002] devtmpfs: initialized
[    0.040002] EVM: security.selinux
[    0.040002] EVM: security.SMACK64
[    0.040002] EVM: security.capability
[    0.040002] print_constraints: dummy: 
[    0.040002] RTC time:  0:58:41, date: 09/22/14
[    0.040002] NET: Registered protocol family 16
[    0.040002] EISA bus registered
[    0.040002] ACPI: bus type pci registered
[    0.040002] PCI : PCI BIOS aera is rw and x. Use pci=nobios if you want it NX.
[    0.040002] PCI: PCI BIOS revision 2.10 entry at 0xfda26, last bus=0
[    0.040002] PCI: Using configuration type 1 for base access
[    0.040002] bio: create slab <bio-0> at 0
[    0.040002] ACPI: Added _OSI(Module Device)
[    0.040002] ACPI: Added _OSI(Processor Device)
[    0.040002] ACPI: Added _OSI(3.0 _SCP Extensions)
[    0.040002] ACPI: Added _OSI(Processor Aggregator Device)
[    0.040002] ACPI: EC: Look up EC in DSDT
[    0.040002] ACPI: Executed 1 blocks of module-level executable AML code
[    0.040002] ACPI: Interpreter enabled
[    0.040002] ACPI: (supports S0 S5)
[    0.040002] ACPI: Using PIC for interrupt routing
[    0.040606] ACPI: No dock devices found.
[    0.040607] HEST: Table not found.
[    0.040610] PCI: Ignoring host bridge windows from ACPI; if necessary, use "pci=use_crs" and report a bug
[    0.040649] ACPI: PCI Root Bridge [PCI0] (domain 0000 [bus 00-ff])
[    0.040722] pci_root PNP0A03:00: host bridge window [io  0x0000-0x0cf7] (ignored)
[    0.040723] pci_root PNP0A03:00: host bridge window [io  0x0d00-0xffff] (ignored)
[    0.040725] pci_root PNP0A03:00: host bridge window [mem 0x000a0000-0x000bffff] (ignored)
[    0.040726] pci_root PNP0A03:00: host bridge window [mem 0x73400000-0xffdfffff] (ignored)
[    0.040764] pci 0000:00:00.0: [8086:1237] type 0 class 0x000600
[    0.041084] pci 0000:00:01.0: [8086:7000] type 0 class 0x000601
[    0.041568] pci 0000:00:01.1: [8086:7111] type 0 class 0x000101
[    0.041916] pci 0000:00:01.1: reg 20: [io  0xd000-0xd00f]
[    0.042171] pci 0000:00:02.0: [80ee:beef] type 0 class 0x000300
[    0.044143] pci 0000:00:02.0: reg 10: [mem 0xe0000000-0xe3ffffff pref]
[    0.062645] pci 0000:00:03.0: [8086:100e] type 0 class 0x000200
[    0.064112] pci 0000:00:03.0: reg 10: [mem 0xf0000000-0xf001ffff]
[    0.067321] pci 0000:00:03.0: reg 18: [io  0xd010-0xd017]
[    0.074017] pci 0000:00:04.0: [80ee:cafe] type 0 class 0x000880
[    0.075647] pci 0000:00:04.0: reg 10: [io  0xd020-0xd03f]
[    0.076598] pci 0000:00:04.0: reg 14: [mem 0xf0400000-0xf07fffff]
[    0.078196] pci 0000:00:04.0: reg 18: [mem 0xf0800000-0xf0803fff pref]
[    0.084961] pci 0000:00:05.0: [8086:2415] type 0 class 0x000401
[    0.085205] pci 0000:00:05.0: reg 10: [io  0xd100-0xd1ff]
[    0.085331] pci 0000:00:05.0: reg 14: [io  0xd200-0xd23f]
[    0.085879] pci 0000:00:06.0: [106b:003f] type 0 class 0x000c03
[    0.087457] pci 0000:00:06.0: reg 10: [mem 0xf0804000-0xf0804fff]
[    0.096141] pci 0000:00:07.0: [8086:7113] type 0 class 0x000680
[    0.096789] pci 0000:00:0d.0: [8086:2829] type 0 class 0x000106
[    0.098255] pci 0000:00:0d.0: reg 10: [io  0xd240-0xd247]
[    0.100449] pci 0000:00:0d.0: reg 18: [io  0xd250-0xd257]
[    0.103567] pci 0000:00:0d.0: reg 20: [io  0xd260-0xd26f]
[    0.104642] pci 0000:00:0d.0: reg 24: [mem 0xf0806000-0xf0807fff]
[    0.107019] pci_bus 0000:00: on NUMA node 0
[    0.107048] ACPI: PCI Interrupt Routing Table [\_SB_.PCI0._PRT]
[    0.107619]  pci0000:00: Unable to request _OSC control (_OSC support mask: 0x1e)
[    0.109708] ACPI: PCI Interrupt Link [LNKA] (IRQs *5 9 10 11)
[    0.109863] ACPI: PCI Interrupt Link [LNKB] (IRQs 5 9 10 *11)
[    0.109915] ACPI: PCI Interrupt Link [LNKC] (IRQs 5 9 *10 11)
[    0.109967] ACPI: PCI Interrupt Link [LNKD] (IRQs 5 *9 10 11)
[    0.110109] vgaarb: device added: PCI:0000:00:02.0,decodes=io+mem,owns=io+mem,locks=none
[    0.110112] vgaarb: loaded
[    0.110112] vgaarb: bridge control possible 0000:00:02.0
[    0.110183] i2c-core: driver [aat2870] using legacy suspend method
[    0.110184] i2c-core: driver [aat2870] using legacy resume method
[    0.110235] SCSI subsystem initialized
[    0.110287] libata version 3.00 loaded.
[    0.110323] usbcore: registered new interface driver usbfs
[    0.110329] usbcore: registered new interface driver hub
[    0.110343] usbcore: registered new device driver usb
[    0.110395] PCI: Using ACPI for IRQ routing
[    0.110396] PCI: pci_cache_line_size set to 64 bytes
[    0.110571] reserve RAM buffer: 000000000009fc00 - 000000000009ffff 
[    0.110575] reserve RAM buffer: 00000000733f0000 - 0000000073ffffff 
[    0.110646] NetLabel: Initializing
[    0.110647] NetLabel:  domain hash size = 128
[    0.110648] NetLabel:  protocols = UNLABELED CIPSOv4
[    0.110654] NetLabel:  unlabeled traffic allowed by default
[    0.115030] AppArmor: AppArmor Filesystem Enabled
[    0.115042] pnp: PnP ACPI init
[    0.115050] ACPI: bus type pnp registered
[    0.115093] pnp 00:00: [bus 00-ff]
[    0.115095] pnp 00:00: [io  0x0cf8-0x0cff]
[    0.115097] pnp 00:00: [io  0x0000-0x0cf7 window]
[    0.115098] pnp 00:00: [io  0x0d00-0xffff window]
[    0.115100] pnp 00:00: [mem 0x000a0000-0x000bffff window]
[    0.115101] pnp 00:00: [mem 0x73400000-0xffdfffff window]
[    0.115119] pnp 00:00: Plug and Play ACPI device, IDs PNP0a03 (active)
[    0.115129] pnp 00:01: [io  0x0060]
[    0.115130] pnp 00:01: [io  0x0064]
[    0.115132] pnp 00:01: [irq 1]
[    0.115144] pnp 00:01: Plug and Play ACPI device, IDs PNP0303 (active)
[    0.115148] pnp 00:02: [io  0x0000-0x000f]
[    0.115150] pnp 00:02: [io  0x0080-0x008f]
[    0.115151] pnp 00:02: [io  0x00c0-0x00df]
[    0.115152] pnp 00:02: [dma 4]
[    0.115162] pnp 00:02: Plug and Play ACPI device, IDs PNP0200 (active)
[    0.115189] pnp 00:03: [irq 12]
[    0.115202] pnp 00:03: Plug and Play ACPI device, IDs PNP0f03 (active)
[    0.115209] pnp 00:04: [io  0x0378-0x037f]
[    0.115211] pnp 00:04: [io  0x0778-0x077f]
[    0.115212] pnp 00:04: [irq 7]
[    0.115223] pnp 00:04: Plug and Play ACPI device, IDs PNP0400 (active)
[    0.115554] pnp: PnP ACPI: found 5 devices
[    0.115555] ACPI: ACPI bus type pnp unregistered
[    0.115557] PnPBIOS: Disabled by ACPI PNP
[    0.150982] Switching to clocksource acpi_pm
[    0.150997] PCI: max bus depth: 0 pci_try_num: 1
[    0.151001] pci_bus 0000:00: resource 0 [io  0x0000-0xffff]
[    0.151003] pci_bus 0000:00: resource 1 [mem 0x00000000-0xfffffffff]
[    0.151026] NET: Registered protocol family 2
[    0.151063] IP route cache hash table entries: 32768 (order: 5, 131072 bytes)
[    0.151160] TCP established hash table entries: 131072 (order: 8, 1048576 bytes)
[    0.151160] TCP bind hash table entries: 65536 (order: 7, 524288 bytes)
[    0.151160] TCP: Hash tables configured (established 131072 bind 65536)
[    0.151160] TCP reno registered
[    0.151160] UDP hash table entries: 512 (order: 2, 16384 bytes)
[    0.151160] UDP-Lite hash table entries: 512 (order: 2, 16384 bytes)
[    0.151160] NET: Registered protocol family 1
[    0.151160] pci 0000:00:00.0: Limiting direct PCI/PCI transfers
[    0.151160] pci 0000:00:01.0: Activating ISA DMA hang workarounds
[    0.151160] pci 0000:00:02.0: Boot video device
[    0.151160] ACPI: PCI Interrupt Link [LNKB] enabled at IRQ 11
[    0.151160] PCI: setting IRQ 11 as level-triggered
[    0.151160] pci 0000:00:06.0: PCI INT A -> Link[LNKB] -> GSI 11 (level, low) -> IRQ 11
[    0.151160] pci 0000:00:06.0: PCI INT A disabled
[    0.151160] PCI: CLS 0 bytes, default 64
[    0.151160] platform rtc_cmos: registered platform RTC device (no PNP device found)
[    0.151160] audit: initializing netlink socket (disabled)
[    0.151160] type=2000 audit(1411347520.148:1): initialized
[    0.164472] Trying to unpack rootfs image as initramfs...
[    0.184212] highmem bounce pool size: 64 pages
[    0.184216] HugeTLB registered 2 MB page size, pre-allocated 0 pages
[    0.188343] VFS: Disk quotas dquot_6.5.2
[    0.188375] Dquot-cache hash table entries: 1024 (order 0, 4096 bytes)
[    0.197084] fuse init (API version 7.17)
[    0.197164] msgmni has been set to 1690
[    0.204206] Block layer SCSI generic (bsg) driver version 0.4 loaded (major 253)
[    0.204223] io scheduler noop registered
[    0.204224] io scheduler deadline registered
[    0.204229] io scheduler cfq registered (default)
[    0.204292] pci_hotplug: PCI Hot Plug PCI Core version: 0.5
[    0.204303] pciehp: PCI Express Hot Plug Controller Driver version: 0.4
[    0.204396] ACPI: Deprecated procfs I/F for AC is loaded, please retry with CONFIG_ACPI_PROCFS_POWER cleared
[    0.204436] ACPI: AC Adapter [AC] (on-line)
[    0.204470] input: Power Button as /devices/LNXSYSTM:00/LNXPWRBN:00/input/input0
[    0.204473] ACPI: Power Button [PWRF]
[    0.204520] input: Sleep Button as /devices/LNXSYSTM:00/LNXSLPBN:00/input/input1
[    0.204522] ACPI: Sleep Button [SLPF]
[    0.205125] ACPI: Deprecated procfs I/F for battery is loaded, please retry with CONFIG_ACPI_PROCFS_POWER cleared
[    0.205131] ACPI: Battery Slot [BAT0] (battery present)
[    0.205139] ERST: Table is not found!
[    0.205140] GHES: HEST is not enabled!
[    0.205238] Serial: 8250/16550 driver, 32 ports, IRQ sharing enabled
[    0.205972] Linux agpgart interface v0.103
[    0.206752] brd: module loaded
[    0.207102] loop: module loaded
[    0.207181] ahci 0000:00:0d.0: version 3.0
[    0.207550] ACPI: PCI Interrupt Link [LNKA] enabled at IRQ 5
[    0.207551] PCI: setting IRQ 5 as level-triggered
[    0.207559] ahci 0000:00:0d.0: PCI INT A -> Link[LNKA] -> GSI 5 (level, low) -> IRQ 5
[    0.207684] ahci: SSS flag set, parallel bus scan disabled
[    0.207845] ahci 0000:00:0d.0: AHCI 0001.0100 32 slots 1 ports 3 Gbps 0x1 impl SATA mode
[    0.207847] ahci 0000:00:0d.0: flags: 64bit ncq stag only ccc 
[    0.207865] ahci 0000:00:0d.0: setting latency timer to 64
[    0.213005] scsi0 : ahci
[    0.213056] ata1: SATA max UDMA/133 abar m8192@0xf0806000 port 0xf0806100 irq 5
[    0.213083] ata_piix 0000:00:01.1: version 2.13
[    0.213159] ata_piix 0000:00:01.1: setting latency timer to 64
[    0.213883] ACPI: Battery Slot [BAT0] (battery present)
[    0.213891] isapnp: Scanning for PnP cards...
[    0.219485] scsi1 : ata_piix
[    0.219611] scsi2 : ata_piix
[    0.219638] ata2: PATA max UDMA/33 cmd 0x1f0 ctl 0x3f6 bmdma 0xd000 irq 14
[    0.219640] ata3: PATA max UDMA/33 cmd 0x170 ctl 0x376 bmdma 0xd008 irq 15
[    0.219825] Fixed MDIO Bus: probed
[    0.219835] tun: Universal TUN/TAP device driver, 1.6
[    0.219836] tun: (C) 1999-2004 Max Krasnyansky <maxk@qualcomm.com>
[    0.219862] PPP generic driver version 2.4.2
[    0.219913] ehci_hcd: USB 2.0 'Enhanced' Host Controller (EHCI) Driver
[    0.219921] ohci_hcd: USB 1.1 'Open' Host Controller (OHCI) Driver
[    0.219936] ohci_hcd 0000:00:06.0: PCI INT A -> Link[LNKB] -> GSI 11 (level, low) -> IRQ 11
[    0.219983] ohci_hcd 0000:00:06.0: setting latency timer to 64
[    0.219992] ohci_hcd 0000:00:06.0: OHCI Host Controller
[    0.220018] ohci_hcd 0000:00:06.0: new USB bus registered, assigned bus number 1
[    0.220044] ohci_hcd 0000:00:06.0: irq 11, io mem 0xf0804000
[    0.400305] hub 1-0:1.0: USB hub found
[    0.400318] hub 1-0:1.0: 8 ports detected
[    0.400567] uhci_hcd: USB Universal Host Controller Interface driver
[    0.400610] usbcore: registered new interface driver libusual
[    0.400631] i8042: PNP: PS/2 Controller [PNP0303:PS2K,PNP0f03:PS2M] at 0x60,0x64 irq 1,12
[    0.964832] ata3.00: ATAPI: VBOX CD-ROM, 1.0, max UDMA/133
[    0.965190] ata3.00: configured for UDMA/33
[    1.100190] ata1: SATA link up 3.0 Gbps (SStatus 123 SControl 300)
[    1.100288] ata1.00: ATA-6: VBOX HARDDISK, 1.0, max UDMA/133
[    1.100291] ata1.00: 37748736 sectors, multi 128: LBA48 NCQ (depth 31/32)
[    1.100416] ata1.00: configured for UDMA/133
[    1.164194] Refined TSC clocksource calibration: 2870.265 MHz.
[    1.164198] Switching to clocksource tsc
[    1.305182] isapnp: No Plug & Play device found
[    1.305279] scsi 0:0:0:0: Direct-Access     ATA      VBOX HARDDISK    1.0  PQ: 0 ANSI: 5
[    1.305405] sd 0:0:0:0: Attached scsi generic sg0 type 0
[    1.305704] scsi 2:0:0:0: CD-ROM            VBOX     CD-ROM           1.0  PQ: 0 ANSI: 5
[    1.306101] sd 0:0:0:0: [sda] 37748736 512-byte logical blocks: (19.3 GB/18.0 GiB)
[    1.306286] sr0: scsi3-mmc drive: 32x/32x xa/form2 tray
[    1.306288] cdrom: Uniform CD-ROM driver Revision: 3.20
[    1.306356] sr 2:0:0:0: Attached scsi CD-ROM sr0
[    1.306476] sr 2:0:0:0: Attached scsi generic sg1 type 5
[    1.306522] sd 0:0:0:0: [sda] Write Protect is off
[    1.306523] sd 0:0:0:0: [sda] Mode Sense: 00 3a 00 00
[    1.306534] sd 0:0:0:0: [sda] Write cache: enabled, read cache: enabled, doesn't support DPO or FUA
[    1.317124] Freeing initrd memory: 13860k freed
[    1.318851] serio: i8042 KBD port at 0x60,0x64 irq 1
[    1.318858] serio: i8042 AUX port at 0x60,0x64 irq 12
[    1.318955] mousedev: PS/2 mouse device common for all mice
[    1.319291] input: AT Translated Set 2 keyboard as /devices/platform/i8042/serio0/input/input2
[    1.319613] rtc_cmos rtc_cmos: rtc core: registered rtc_cmos as rtc0
[    1.319613] rtc0: alarms up to one day, 114 bytes nvram
[    1.319613] device-mapper: uevent: version 1.0.3
[    1.319613] device-mapper: ioctl: 4.22.0-ioctl (2011-10-19) initialised: dm-devel@redhat.com
[    1.319613] EISA: Probing bus 0 at eisa.0
[    1.319613] Cannot allocate resource for EISA slot 4
[    1.319613] EISA: Detected 0 cards.
[    1.319613] cpufreq-nforce2: No nForce2 chipset.
[    1.319613] cpuidle: using governor ladder
[    1.319613] cpuidle: using governor menu
[    1.319613] EFI Variables Facility v0.08 2004-May-17
[    1.319700] TCP cubic registered
[    1.319772] NET: Registered protocol family 10
[    1.320017] NET: Registered protocol family 17
[    1.320020] Registering the dns_resolver key type
[    1.320034] Using IPI No-Shortcut mode
[    1.320087] PM: Hibernation image not present or could not be loaded.
[    1.320095] registered taskstats version 1
[    1.325640]   Magic number: 14:111:962
[    1.325713] rtc_cmos rtc_cmos: setting system clock to 2014-09-22 00:58:42 UTC (1411347522)
[    1.325722] BIOS EDD facility v0.16 2004-Jun-25, 0 devices found
[    1.325723] EDD information not available.
[    1.342979]  sda: sda1 sda2 < sda5 >
[    1.343294] sd 0:0:0:0: [sda] Attached SCSI disk
[    1.343338] Freeing unused kernel memory: 744k freed
[    1.343493] Write protecting the kernel text: 5852k
[    1.343511] Write protecting the kernel read-only data: 2388k
[    1.343513] NX-protecting the kernel data: 4388k
[    1.362277] udevd[87]: starting version 175
[    1.372140] usb 1-1: new full-speed USB device number 2 using ohci_hcd
[    1.438850] e1000: Intel(R) PRO/1000 Network Driver - version 7.3.21-k8-NAPI
[    1.438852] e1000: Copyright (c) 1999-2006 Intel Corporation.
[    1.439208] ACPI: PCI Interrupt Link [LNKC] enabled at IRQ 10
[    1.439211] PCI: setting IRQ 10 as level-triggered
[    1.439222] e1000 0000:00:03.0: PCI INT A -> Link[LNKC] -> GSI 10 (level, low) -> IRQ 10
[    1.439272] e1000 0000:00:03.0: setting latency timer to 64
[    1.884725] e1000 0000:00:03.0: eth0: (PCI:33MHz:32-bit) 08:00:27:2d:44:05
[    1.884728] e1000 0000:00:03.0: eth0: Intel(R) PRO/1000 Network Connection
[    1.938313] EXT4-fs (sda1): INFO: recovery required on readonly filesystem
[    1.938316] EXT4-fs (sda1): write access will be enabled during recovery
[    1.998578] input: VirtualBox USB Tablet as /devices/pci0000:00/0000:00:06.0/usb1/1-1/1-1:1.0/input/input3
[    1.998756] generic-usb 0003:80EE:0021.0001: input,hidraw0: USB HID v1.10 Mouse [VirtualBox USB Tablet] on usb-0000:00:06.0-1/input0
[    1.998883] usbcore: registered new interface driver usbhid
[    1.998884] usbhid: USB HID core driver
[    2.659119] EXT4-fs (sda1): orphan cleanup on readonly fs
[    2.659125] EXT4-fs (sda1): ext4_orphan_cleanup: deleting unreferenced inode 659054
[    2.659159] EXT4-fs (sda1): ext4_orphan_cleanup: deleting unreferenced inode 659052
[    2.659167] EXT4-fs (sda1): ext4_orphan_cleanup: deleting unreferenced inode 657056
[    2.659171] EXT4-fs (sda1): ext4_orphan_cleanup: deleting unreferenced inode 656928
[    2.659178] EXT4-fs (sda1): ext4_orphan_cleanup: deleting unreferenced inode 656773
[    2.659184] EXT4-fs (sda1): 5 orphan inodes deleted
[    2.659185] EXT4-fs (sda1): recovery complete
[    2.900891] EXT4-fs (sda1): mounted filesystem with ordered data mode. Opts: (null)
[   14.812076] Adding 521212k swap on /dev/sda5.  Priority:-1 extents:1 across:521212k 
[   14.819680] ADDRCONF(NETDEV_UP): eth0: link is not ready
[   14.910564] udevd[388]: starting version 175
[   14.949639] lp: driver loaded but no devices found
[   14.993071] piix4_smbus 0000:00:07.0: SMBus base address uninitialized - upgrade BIOS or use force_addr=0xaddr
[   15.057037] type=1400 audit(1411347536.226:2): apparmor="STATUS" operation="profile_load" name="/sbin/dhclient" pid=450 comm="apparmor_parser"
[   15.057326] type=1400 audit(1411347536.226:3): apparmor="STATUS" operation="profile_load" name="/usr/lib/NetworkManager/nm-dhcp-client.action" pid=450 comm="apparmor_parser"
[   15.057474] type=1400 audit(1411347536.226:4): apparmor="STATUS" operation="profile_load" name="/usr/lib/connman/scripts/dhclient-script" pid=450 comm="apparmor_parser"
[   15.088699] parport_pc 00:04: reported by Plug and Play ACPI
[   15.094111] input: ImExPS/2 Generic Explorer Mouse as /devices/platform/i8042/serio1/input/input4
[   15.097451] ACPI: PCI Interrupt Link [LNKD] enabled at IRQ 9
[   15.097454] PCI: setting IRQ 9 as level-triggered
[   15.097460] vboxguest 0000:00:04.0: PCI INT A -> Link[LNKD] -> GSI 9 (level, low) -> IRQ 9
[   15.098202] input: Unspecified device as /devices/pci0000:00/0000:00:04.0/input/input5
[   15.098369] vboxguest: major 0, IRQ 9, I/O port d020, MMIO at 00000000f0400000 (size 0x400000)
[   15.098371] vboxguest: Successfully loaded version 4.2.14 (interface 0x00010004)
[   15.334466] ppdev: user-space parallel port driver
[   15.360088] snd_intel8x0 0000:00:05.0: PCI INT A -> Link[LNKA] -> GSI 5 (level, low) -> IRQ 5
[   15.360132] snd_intel8x0 0000:00:05.0: setting latency timer to 64
[   15.772516] intel8x0_measure_ac97_clock: measured 56396 usecs (9876 samples)
[   15.772522] intel8x0: measured clock 175118 rejected
[   16.132389] intel8x0_measure_ac97_clock: measured 55857 usecs (7680 samples)
[   16.132395] intel8x0: measured clock 137493 rejected
[   16.492246] intel8x0_measure_ac97_clock: measured 55847 usecs (7200 samples)
[   16.492249] intel8x0: measured clock 128923 rejected
[   16.492251] intel8x0: clocking to 48000
[   17.239899] vesafb: mode is 640x480x32, linelength=2560, pages=0
[   17.239905] vesafb: scrolling: redraw
[   17.239909] vesafb: Truecolor: size=8:8:8:8, shift=24:16:8:0
[   17.239929] mtrr: your processor doesn't support write-combining
[   17.240085] vesafb: framebuffer at 0xe0000000, mapped to 0xf9e80000, using 1216k, total 1216k
[   17.241026] Console: switching to colour frame buffer device 80x30
[   17.241050] fb0: VESA VGA frame buffer device
[   17.294054] EXT4-fs (sda1): re-mounted. Opts: errors=remount-ro
[   17.393961] init: failsafe main process (693) killed by TERM signal
[   17.791089] Bluetooth: Core ver 2.16
[   17.791109] NET: Registered protocol family 31
[   17.791111] Bluetooth: HCI device and connection manager initialized
[   17.791112] Bluetooth: HCI socket layer initialized
[   17.791113] Bluetooth: L2CAP socket layer initialized
[   17.792991] Bluetooth: SCO socket layer initialized
[   17.806800] type=1400 audit(1411347538.974:5): apparmor="STATUS" operation="profile_load" name="/usr/lib/cups/backend/cups-pdf" pid=756 comm="apparmor_parser"
[   17.807154] type=1400 audit(1411347538.974:6): apparmor="STATUS" operation="profile_load" name="/usr/sbin/cupsd" pid=756 comm="apparmor_parser"
[   17.819960] Bluetooth: BNEP (Ethernet Emulation) ver 1.3
[   17.819962] Bluetooth: BNEP filters: protocol multicast
[   17.864568] type=1400 audit(1411347539.034:7): apparmor="STATUS" operation="profile_load" name="/usr/lib/lightdm/lightdm/lightdm-guest-session-wrapper" pid=785 comm="apparmor_parser"
[   17.864696] type=1400 audit(1411347539.034:8): apparmor="STATUS" operation="profile_load" name="/usr/lib/lightdm/lightdm/lightdm-guest-session-wrapper//chromium_browser" pid=785 comm="apparmor_parser"
[   17.866746] type=1400 audit(1411347539.034:9): apparmor="STATUS" operation="profile_replace" name="/sbin/dhclient" pid=786 comm="apparmor_parser"
[   17.867028] type=1400 audit(1411347539.034:10): apparmor="STATUS" operation="profile_replace" name="/usr/lib/NetworkManager/nm-dhcp-client.action" pid=786 comm="apparmor_parser"
[   17.867174] type=1400 audit(1411347539.034:11): apparmor="STATUS" operation="profile_replace" name="/usr/lib/connman/scripts/dhclient-script" pid=786 comm="apparmor_parser"
[   18.060298] ADDRCONF(NETDEV_UP): eth0: link is not ready
[   18.061740] e1000: eth0 NIC Link is Up 1000 Mbps Full Duplex, Flow Control: RX
[   18.062110] ADDRCONF(NETDEV_CHANGE): eth0: link becomes ready
[   18.475627] vboxsf: Successfully loaded version 4.2.14 (interface 0x00010004)
[   18.494364] [drm] Initialized drm 1.1.0 20060810
[   18.494639] pci 0000:00:02.0: PCI INT A -> Link[LNKB] -> GSI 11 (level, low) -> IRQ 11
[   18.494654] pci 0000:00:02.0: setting latency timer to 64
[   18.495180] [drm] Supports vblank timestamp caching Rev 1 (10.10.2010).
[   18.495182] [drm] No driver support for vblank timestamp query.
[   18.495184] [drm] Initialized vboxvideo 1.0.0 20090303 for 0000:00:02.0 on minor 0
[   18.697491] Bluetooth: RFCOMM TTY layer initialized
[   18.697495] Bluetooth: RFCOMM socket layer initialized
[   18.697496] Bluetooth: RFCOMM ver 1.11
[   19.657965] init: plymouth-stop pre-start process (1198) terminated with status 1
[   20.660660] VBoxGuest: VBoxGuestCommonGuestCapsAcquire: pSession(0xf0e70610), OR(0x0), NOT(0xffffffff), flags(0x0)
[   21.152323] VBoxGuest: VBoxGuestCommonGuestCapsAcquire: pSession(0xf0e70610), OR(0x0), NOT(0xffffffff), flags(0x0)
[   28.202077] eth0: no IPv6 routers present
[   65.997022] VBoxGuest: VBoxGuestCommonGuestCapsAcquire: pSession(0xf193dc10), OR(0x0), NOT(0xffffffff), flags(0x0)
[   93.092029] VBoxGuest: VBoxGuestCommonGuestCapsAcquire: pSession(0xf196ce10), OR(0x0), NOT(0xffffffff), flags(0x0)
[  123.716028] usb 1-2: new full-speed USB device number 3 using ohci_hcd
[  124.246121] usbcore: registered new interface driver usbserial
[  124.246153] USB Serial support registered for generic
[  124.246621] usbcore: registered new interface driver usbserial_generic
[  124.246626] usbserial: USB Serial Driver core
[  124.261226] USB Serial support registered for FTDI USB Serial Device
[  124.261383] ftdi_sio 1-2:1.0: FTDI USB Serial Device converter detected
[  124.261493] usb 1-2: Detected FT2232C
[  124.261497] usb 1-2: Number of endpoints 2
[  124.261514] usb 1-2: Endpoint 1 MaxPacketSize 64
[  124.261518] usb 1-2: Endpoint 2 MaxPacketSize 64
[  124.261521] usb 1-2: Setting MaxPacketSize 64
[  124.269348] usb 1-2: FTDI USB Serial Device converter now attached to ttyUSB0
[  124.269360] ftdi_sio 1-2:1.1: FTDI USB Serial Device converter detected
[  124.269396] usb 1-2: Detected FT2232C
[  124.269397] usb 1-2: Number of endpoints 2
[  124.269398] usb 1-2: Endpoint 1 MaxPacketSize 64
[  124.269399] usb 1-2: Endpoint 2 MaxPacketSize 64
[  124.269400] usb 1-2: Setting MaxPacketSize 64
[  124.275860] usb 1-2: FTDI USB Serial Device converter now attached to ttyUSB1
[  124.275914] usbcore: registered new interface driver ftdi_sio
[  124.275915] ftdi_sio: v1.6.0:USB FTDI Serial Converters Driver
[  126.132105] usb 1-3: new full-speed USB device number 4 using ohci_hcd
[  126.609903] ftdi_sio 1-3:1.0: FTDI USB Serial Device converter detected
[  126.609962] usb 1-3: Detected FT232RL
[  126.609965] usb 1-3: Number of endpoints 2
[  126.609968] usb 1-3: Endpoint 1 MaxPacketSize 64
[  126.609971] usb 1-3: Endpoint 2 MaxPacketSize 64
[  126.609975] usb 1-3: Setting MaxPacketSize 64
[  126.614943] usb 1-3: FTDI USB Serial Device converter now attached to ttyUSB2
[  141.614555] VBoxGuest: VBoxGuestCommonGuestCapsAcquire: pSession(0xf1997e10), OR(0x0), NOT(0xffffffff), flags(0x0)
[  347.342371] usb 1-3: USB disconnect, device number 4
[  347.342505] ftdi_sio ttyUSB2: FTDI USB Serial Device converter now disconnected from ttyUSB2
[  347.342511] ftdi_sio 1-3:1.0: device disconnected
[  351.408217] usb 1-3: new full-speed USB device number 5 using ohci_hcd
[  351.908942] ftdi_sio 1-3:1.0: FTDI USB Serial Device converter detected
[  351.908993] usb 1-3: Detected FT232RL
[  351.908997] usb 1-3: Number of endpoints 2
[  351.909000] usb 1-3: Endpoint 1 MaxPacketSize 64
[  351.909003] usb 1-3: Endpoint 2 MaxPacketSize 64
[  351.909006] usb 1-3: Setting MaxPacketSize 64
[  351.914707] usb 1-3: FTDI USB Serial Device converter now attached to ttyUSB3
[  392.635026] usb 1-3: USB disconnect, device number 5
[  392.635237] ftdi_sio ttyUSB3: FTDI USB Serial Device converter now disconnected from ttyUSB3
[  392.635259] ftdi_sio 1-3:1.0: device disconnected
[    0.000000] Initializing cgroup subsys cpuset
[    0.000000] Initializing cgroup subsys cpu
[    0.000000] Linux version 3.2.0-67-generic-pae (buildd@toyol) (gcc version 4.6.3 (Ubuntu/Linaro 4.6.3-1ubuntu5) ) #101-Ubuntu SMP Tue Jul 15 18:04:54 UTC 2014 (Ubuntu 3.2.0-67.101-generic-pae 3.2.60)
[    0.000000] KERNEL supported cpus:
[    0.000000]   Intel GenuineIntel
[    0.000000]   AMD AuthenticAMD
[    0.000000]   NSC Geode by NSC
[    0.000000]   Cyrix CyrixInstead
[    0.000000]   Centaur CentaurHauls
[    0.000000]   Transmeta GenuineTMx86
[    0.000000]   Transmeta TransmetaCPU
[    0.000000]   UMC UMC UMC UMC
[    0.000000] BIOS-provided physical RAM map:
[    0.000000]  BIOS-e820: 0000000000000000 - 000000000009fc00 (usable)
[    0.000000]  BIOS-e820: 000000000009fc00 - 00000000000a0000 (reserved)
[    0.000000]  BIOS-e820: 00000000000f0000 - 0000000000100000 (reserved)
[    0.000000]  BIOS-e820: 0000000000100000 - 00000000733f0000 (usable)
[    0.000000]  BIOS-e820: 00000000733f0000 - 0000000073400000 (ACPI data)
[    0.000000]  BIOS-e820: 00000000fffc0000 - 0000000100000000 (reserved)
[    0.000000] NX (Execute Disable) protection: active
[    0.000000] SMBIOS 2.5 present.
[    0.000000] DMI: innotek GmbH VirtualBox/VirtualBox, BIOS VirtualBox 12/01/2006
[    0.000000] e820 update range: 0000000000000000 - 0000000000010000 (usable) ==> (reserved)
[    0.000000] e820 remove range: 00000000000a0000 - 0000000000100000 (usable)
[    0.000000] last_pfn = 0x733f0 max_arch_pfn = 0x1000000
[    0.000000] MTRR default type: uncachable
[    0.000000] MTRR variable ranges disabled:
[    0.000000] x86 PAT enabled: cpu 0, old 0x7040600070406, new 0x7010600070106
[    0.000000] CPU MTRRs all blank - virtualized system.
[    0.000000] initial memory mapped : 0 - 02000000
[    0.000000] Base memory trampoline at [c009b000] 9b000 size 16384
[    0.000000] init_memory_mapping: 0000000000000000-0000000037bfe000
[    0.000000]  0000000000 - 0000200000 page 4k
[    0.000000]  0000200000 - 0037a00000 page 2M
[    0.000000]  0037a00000 - 0037bfe000 page 4k
[    0.000000] kernel direct mapping tables up to 37bfe000 @ 1ffa000-2000000
[    0.000000] RAMDISK: 364de000 - 37267000
[    0.000000] ACPI: RSDP 000e0000 00024 (v02 VBOX  )
[    0.000000] ACPI: XSDT 733f0030 00034 (v01 VBOX   VBOXXSDT 00000001 ASL  00000061)
[    0.000000] ACPI: FACP 733f00f0 000F4 (v04 VBOX   VBOXFACP 00000001 ASL  00000061)
[    0.000000] ACPI: DSDT 733f0410 01B96 (v01 VBOX   VBOXBIOS 00000002 INTL 20100528)
[    0.000000] ACPI: FACS 733f0200 00040
[    0.000000] ACPI: SSDT 733f0240 001CC (v01 VBOX   VBOXCPUT 00000002 INTL 20100528)
[    0.000000] 951MB HIGHMEM available.
[    0.000000] 891MB LOWMEM available.
[    0.000000]   mapped low ram: 0 - 37bfe000
[    0.000000]   low ram: 0 - 37bfe000
[    0.000000] Zone PFN ranges:
[    0.000000]   DMA      0x00000010 -> 0x00001000
[    0.000000]   Normal   0x00001000 -> 0x00037bfe
[    0.000000]   HighMem  0x00037bfe -> 0x000733f0
[    0.000000] Movable zone start PFN for each node
[    0.000000] early_node_map[2] active PFN ranges
[    0.000000]     0: 0x00000010 -> 0x0000009f
[    0.000000]     0: 0x00000100 -> 0x000733f0
[    0.000000] On node 0 totalpages: 471935
[    0.000000] free_area_init_node: node 0, pgdat c1873b80, node_mem_map f5676200
[    0.000000]   DMA zone: 32 pages used for memmap
[    0.000000]   DMA zone: 0 pages reserved
[    0.000000]   DMA zone: 3951 pages, LIFO batch:0
[    0.000000]   Normal zone: 1752 pages used for memmap
[    0.000000]   Normal zone: 222502 pages, LIFO batch:31
[    0.000000]   HighMem zone: 1904 pages used for memmap
[    0.000000]   HighMem zone: 241794 pages, LIFO batch:31
[    0.000000] Using APIC driver default
[    0.000000] ACPI: PM-Timer IO Port: 0x4008
[    0.000000] SMP: Allowing 1 CPUs, 0 hotplug CPUs
[    0.000000] Found and enabled local APIC!
[    0.000000] nr_irqs_gsi: 16
[    0.000000] PM: Registered nosave memory: 000000000009f000 - 00000000000a0000
[    0.000000] PM: Registered nosave memory: 00000000000a0000 - 00000000000f0000
[    0.000000] PM: Registered nosave memory: 00000000000f0000 - 0000000000100000
[    0.000000] Allocating PCI resources starting at 73400000 (gap: 73400000:8cbc0000)
[    0.000000] Booting paravirtualized kernel on bare hardware
[    0.000000] setup_percpu: NR_CPUS:8 nr_cpumask_bits:8 nr_cpu_ids:1 nr_node_ids:1
[    0.000000] PERCPU: Embedded 14 pages/cpu @f7be6000 s34240 r0 d23104 u57344
[    0.000000] pcpu-alloc: s34240 r0 d23104 u57344 alloc=14*4096
[    0.000000] pcpu-alloc: [0] 0 
[    0.000000] Built 1 zonelists in Zone order, mobility grouping on.  Total pages: 468247
[    0.000000] Kernel command line: BOOT_IMAGE=/boot/vmlinuz-3.2.0-67-generic-pae root=UUID=04c9f6cf-b7b0-4514-8c9a-5b9948093418 ro quiet splash vt.handoff=7
[    0.000000] PID hash table entries: 4096 (order: 2, 16384 bytes)
[    0.000000] Dentry cache hash table entries: 131072 (order: 7, 524288 bytes)
[    0.000000] Inode-cache hash table entries: 65536 (order: 6, 262144 bytes)
[    0.000000] Initializing CPU#0
[    0.000000] allocated 7552512 bytes of page_cgroup
[    0.000000] please try 'cgroup_disable=memory' option if you don't want memory cgroups
[    0.000000] Initializing HighMem for node 0 (00037bfe:000733f0)
[    0.000000] Memory: 1840440k/1888192k available (5849k kernel code, 47300k reserved, 2859k data, 744k init, 974792k highmem)
[    0.000000] virtual kernel memory layout:
[    0.000000]     fixmap  : 0xfff16000 - 0xfffff000   ( 932 kB)
[    0.000000]     pkmap   : 0xffc00000 - 0xffe00000   (2048 kB)
[    0.000000]     vmalloc : 0xf83fe000 - 0xffbfe000   ( 120 MB)
[    0.000000]     lowmem  : 0xc0000000 - 0xf7bfe000   ( 891 MB)
[    0.000000]       .init : 0xc1882000 - 0xc193c000   ( 744 kB)
[    0.000000]       .data : 0xc15b65fc - 0xc18813c0   (2859 kB)
[    0.000000]       .text : 0xc1000000 - 0xc15b65fc   (5849 kB)
[    0.000000] Checking if this processor honours the WP bit even in supervisor mode...Ok.
[    0.000000] SLUB: Genslabs=15, HWalign=64, Order=0-3, MinObjects=0, CPUs=1, Nodes=1
[    0.000000] Hierarchical RCU implementation.
[    0.000000] 	RCU dyntick-idle grace-period acceleration is enabled.
[    0.000000] NR_IRQS:2304 nr_irqs:256 16
[    0.000000] CPU 0 irqstacks, hard=f5008000 soft=f500a000
[    0.000000] vt handoff: transparent VT on vt#7
[    0.000000] Console: colour dummy device 80x25
[    0.000000] console [tty0] enabled
[    0.000000] Fast TSC calibration using PIT
[    0.000000] Detected 2870.381 MHz processor.
[    0.004002] Calibrating delay loop (skipped), value calculated using timer frequency.. 5740.76 BogoMIPS (lpj=11481524)
[    0.004005] pid_max: default: 32768 minimum: 301
[    0.004023] Security Framework initialized
[    0.004043] AppArmor: AppArmor initialized
[    0.004044] Yama: becoming mindful.
[    0.004074] Mount-cache hash table entries: 512
[    0.004135] Initializing cgroup subsys cpuacct
[    0.004138] Initializing cgroup subsys memory
[    0.004142] Initializing cgroup subsys devices
[    0.004143] Initializing cgroup subsys freezer
[    0.004145] Initializing cgroup subsys blkio
[    0.004148] Initializing cgroup subsys perf_event
[    0.004248] mce: CPU supports 0 MCE banks
[    0.004338] using mwait in idle threads.
[    0.005855] SMP alternatives: switching to UP code
[    0.034339] Freeing SMP alternatives: 24k freed
[    0.034351] ACPI: Core revision 20110623
[    0.034828] ACPI: setting ELCR to 0200 (from 0e20)
[    0.034863] ftrace: allocating 26157 entries in 52 pages
[    0.037219] weird, boot CPU (#0) not listed by the BIOS.
[    0.037252] SMP motherboard not detected.
[    0.037274] Enabling APIC mode:  Flat.  Using 0 I/O APICs
[    0.040002] SMP disabled
[    0.040002] Performance Events: unsupported p6 CPU model 58 no PMU driver, software events only.
[    0.040002] NMI watchdog disabled (cpu0): hardware events not enabled
[    0.040002] Brought up 1 CPUs
[    0.040002] Total of 1 processors activated (5740.76 BogoMIPS).
[    0.040002] devtmpfs: initialized
[    0.040002] EVM: security.selinux
[    0.040002] EVM: security.SMACK64
[    0.040002] EVM: security.capability
[    0.040002] print_constraints: dummy: 
[    0.040002] RTC time:  0:58:41, date: 09/22/14
[    0.040002] NET: Registered protocol family 16
[    0.040002] EISA bus registered
[    0.040002] ACPI: bus type pci registered
[    0.040002] PCI : PCI BIOS aera is rw and x. Use pci=nobios if you want it NX.
[    0.040002] PCI: PCI BIOS revision 2.10 entry at 0xfda26, last bus=0
[    0.040002] PCI: Using configuration type 1 for base access
[    0.040002] bio: create slab <bio-0> at 0
[    0.040002] ACPI: Added _OSI(Module Device)
[    0.040002] ACPI: Added _OSI(Processor Device)
[    0.040002] ACPI: Added _OSI(3.0 _SCP Extensions)
[    0.040002] ACPI: Added _OSI(Processor Aggregator Device)
[    0.040002] ACPI: EC: Look up EC in DSDT
[    0.040002] ACPI: Executed 1 blocks of module-level executable AML code
[    0.040002] ACPI: Interpreter enabled
[    0.040002] ACPI: (supports S0 S5)
[    0.040002] ACPI: Using PIC for interrupt routing
[    0.040606] ACPI: No dock devices found.
[    0.040607] HEST: Table not found.
[    0.040610] PCI: Ignoring host bridge windows from ACPI; if necessary, use "pci=use_crs" and report a bug
[    0.040649] ACPI: PCI Root Bridge [PCI0] (domain 0000 [bus 00-ff])
[    0.040722] pci_root PNP0A03:00: host bridge window [io  0x0000-0x0cf7] (ignored)
[    0.040723] pci_root PNP0A03:00: host bridge window [io  0x0d00-0xffff] (ignored)
[    0.040725] pci_root PNP0A03:00: host bridge window [mem 0x000a0000-0x000bffff] (ignored)
[    0.040726] pci_root PNP0A03:00: host bridge window [mem 0x73400000-0xffdfffff] (ignored)
[    0.040764] pci 0000:00:00.0: [8086:1237] type 0 class 0x000600
[    0.041084] pci 0000:00:01.0: [8086:7000] type 0 class 0x000601
[    0.041568] pci 0000:00:01.1: [8086:7111] type 0 class 0x000101
[    0.041916] pci 0000:00:01.1: reg 20: [io  0xd000-0xd00f]
[    0.042171] pci 0000:00:02.0: [80ee:beef] type 0 class 0x000300
[    0.044143] pci 0000:00:02.0: reg 10: [mem 0xe0000000-0xe3ffffff pref]
[    0.062645] pci 0000:00:03.0: [8086:100e] type 0 class 0x000200
[    0.064112] pci 0000:00:03.0: reg 10: [mem 0xf0000000-0xf001ffff]
[    0.067321] pci 0000:00:03.0: reg 18: [io  0xd010-0xd017]
[    0.074017] pci 0000:00:04.0: [80ee:cafe] type 0 class 0x000880
[    0.075647] pci 0000:00:04.0: reg 10: [io  0xd020-0xd03f]
[    0.076598] pci 0000:00:04.0: reg 14: [mem 0xf0400000-0xf07fffff]
[    0.078196] pci 0000:00:04.0: reg 18: [mem 0xf0800000-0xf0803fff pref]
[    0.084961] pci 0000:00:05.0: [8086:2415] type 0 class 0x000401
[    0.085205] pci 0000:00:05.0: reg 10: [io  0xd100-0xd1ff]
[    0.085331] pci 0000:00:05.0: reg 14: [io  0xd200-0xd23f]
[    0.085879] pci 0000:00:06.0: [106b:003f] type 0 class 0x000c03
[    0.087457] pci 0000:00:06.0: reg 10: [mem 0xf0804000-0xf0804fff]
[    0.096141] pci 0000:00:07.0: [8086:7113] type 0 class 0x000680
[    0.096789] pci 0000:00:0d.0: [8086:2829] type 0 class 0x000106
[    0.098255] pci 0000:00:0d.0: reg 10: [io  0xd240-0xd247]
[    0.100449] pci 0000:00:0d.0: reg 18: [io  0xd250-0xd257]
[    0.103567] pci 0000:00:0d.0: reg 20: [io  0xd260-0xd26f]
[    0.104642] pci 0000:00:0d.0: reg 24: [mem 0xf0806000-0xf0807fff]
[    0.107019] pci_bus 0000:00: on NUMA node 0
[    0.107048] ACPI: PCI Interrupt Routing Table [\_SB_.PCI0._PRT]
[    0.107619]  pci0000:00: Unable to request _OSC control (_OSC support mask: 0x1e)
[    0.109708] ACPI: PCI Interrupt Link [LNKA] (IRQs *5 9 10 11)
[    0.109863] ACPI: PCI Interrupt Link [LNKB] (IRQs 5 9 10 *11)
[    0.109915] ACPI: PCI Interrupt Link [LNKC] (IRQs 5 9 *10 11)
[    0.109967] ACPI: PCI Interrupt Link [LNKD] (IRQs 5 *9 10 11)
[    0.110109] vgaarb: device added: PCI:0000:00:02.0,decodes=io+mem,owns=io+mem,locks=none
[    0.110112] vgaarb: loaded
[    0.110112] vgaarb: bridge control possible 0000:00:02.0
[    0.110183] i2c-core: driver [aat2870] using legacy suspend method
[    0.110184] i2c-core: driver [aat2870] using legacy resume method
[    0.110235] SCSI subsystem initialized
[    0.110287] libata version 3.00 loaded.
[    0.110323] usbcore: registered new interface driver usbfs
[    0.110329] usbcore: registered new interface driver hub
[    0.110343] usbcore: registered new device driver usb
[    0.110395] PCI: Using ACPI for IRQ routing
[    0.110396] PCI: pci_cache_line_size set to 64 bytes
[    0.110571] reserve RAM buffer: 000000000009fc00 - 000000000009ffff 
[    0.110575] reserve RAM buffer: 00000000733f0000 - 0000000073ffffff 
[    0.110646] NetLabel: Initializing
[    0.110647] NetLabel:  domain hash size = 128
[    0.110648] NetLabel:  protocols = UNLABELED CIPSOv4
[    0.110654] NetLabel:  unlabeled traffic allowed by default
[    0.115030] AppArmor: AppArmor Filesystem Enabled
[    0.115042] pnp: PnP ACPI init
[    0.115050] ACPI: bus type pnp registered
[    0.115093] pnp 00:00: [bus 00-ff]
[    0.115095] pnp 00:00: [io  0x0cf8-0x0cff]
[    0.115097] pnp 00:00: [io  0x0000-0x0cf7 window]
[    0.115098] pnp 00:00: [io  0x0d00-0xffff window]
[    0.115100] pnp 00:00: [mem 0x000a0000-0x000bffff window]
[    0.115101] pnp 00:00: [mem 0x73400000-0xffdfffff window]
[    0.115119] pnp 00:00: Plug and Play ACPI device, IDs PNP0a03 (active)
[    0.115129] pnp 00:01: [io  0x0060]
[    0.115130] pnp 00:01: [io  0x0064]
[    0.115132] pnp 00:01: [irq 1]
[    0.115144] pnp 00:01: Plug and Play ACPI device, IDs PNP0303 (active)
[    0.115148] pnp 00:02: [io  0x0000-0x000f]
[    0.115150] pnp 00:02: [io  0x0080-0x008f]
[    0.115151] pnp 00:02: [io  0x00c0-0x00df]
[    0.115152] pnp 00:02: [dma 4]
[    0.115162] pnp 00:02: Plug and Play ACPI device, IDs PNP0200 (active)
[    0.115189] pnp 00:03: [irq 12]
[    0.115202] pnp 00:03: Plug and Play ACPI device, IDs PNP0f03 (active)
[    0.115209] pnp 00:04: [io  0x0378-0x037f]
[    0.115211] pnp 00:04: [io  0x0778-0x077f]
[    0.115212] pnp 00:04: [irq 7]
[    0.115223] pnp 00:04: Plug and Play ACPI device, IDs PNP0400 (active)
[    0.115554] pnp: PnP ACPI: found 5 devices
[    0.115555] ACPI: ACPI bus type pnp unregistered
[    0.115557] PnPBIOS: Disabled by ACPI PNP
[    0.150982] Switching to clocksource acpi_pm
[    0.150997] PCI: max bus depth: 0 pci_try_num: 1
[    0.151001] pci_bus 0000:00: resource 0 [io  0x0000-0xffff]
[    0.151003] pci_bus 0000:00: resource 1 [mem 0x00000000-0xfffffffff]
[    0.151026] NET: Registered protocol family 2
[    0.151063] IP route cache hash table entries: 32768 (order: 5, 131072 bytes)
[    0.151160] TCP established hash table entries: 131072 (order: 8, 1048576 bytes)
[    0.151160] TCP bind hash table entries: 65536 (order: 7, 524288 bytes)
[    0.151160] TCP: Hash tables configured (established 131072 bind 65536)
[    0.151160] TCP reno registered
[    0.151160] UDP hash table entries: 512 (order: 2, 16384 bytes)
[    0.151160] UDP-Lite hash table entries: 512 (order: 2, 16384 bytes)
[    0.151160] NET: Registered protocol family 1
[    0.151160] pci 0000:00:00.0: Limiting direct PCI/PCI transfers
[    0.151160] pci 0000:00:01.0: Activating ISA DMA hang workarounds
[    0.151160] pci 0000:00:02.0: Boot video device
[    0.151160] ACPI: PCI Interrupt Link [LNKB] enabled at IRQ 11
[    0.151160] PCI: setting IRQ 11 as level-triggered
[    0.151160] pci 0000:00:06.0: PCI INT A -> Link[LNKB] -> GSI 11 (level, low) -> IRQ 11
[    0.151160] pci 0000:00:06.0: PCI INT A disabled
[    0.151160] PCI: CLS 0 bytes, default 64
[    0.151160] platform rtc_cmos: registered platform RTC device (no PNP device found)
[    0.151160] audit: initializing netlink socket (disabled)
[    0.151160] type=2000 audit(1411347520.148:1): initialized
[    0.164472] Trying to unpack rootfs image as initramfs...
[    0.184212] highmem bounce pool size: 64 pages
[    0.184216] HugeTLB registered 2 MB page size, pre-allocated 0 pages
[    0.188343] VFS: Disk quotas dquot_6.5.2
[    0.188375] Dquot-cache hash table entries: 1024 (order 0, 4096 bytes)
[    0.197084] fuse init (API version 7.17)
[    0.197164] msgmni has been set to 1690
[    0.204206] Block layer SCSI generic (bsg) driver version 0.4 loaded (major 253)
[    0.204223] io scheduler noop registered
[    0.204224] io scheduler deadline registered
[    0.204229] io scheduler cfq registered (default)
[    0.204292] pci_hotplug: PCI Hot Plug PCI Core version: 0.5
[    0.204303] pciehp: PCI Express Hot Plug Controller Driver version: 0.4
[    0.204396] ACPI: Deprecated procfs I/F for AC is loaded, please retry with CONFIG_ACPI_PROCFS_POWER cleared
[    0.204436] ACPI: AC Adapter [AC] (on-line)
[    0.204470] input: Power Button as /devices/LNXSYSTM:00/LNXPWRBN:00/input/input0
[    0.204473] ACPI: Power Button [PWRF]
[    0.204520] input: Sleep Button as /devices/LNXSYSTM:00/LNXSLPBN:00/input/input1
[    0.204522] ACPI: Sleep Button [SLPF]
[    0.205125] ACPI: Deprecated procfs I/F for battery is loaded, please retry with CONFIG_ACPI_PROCFS_POWER cleared
[    0.205131] ACPI: Battery Slot [BAT0] (battery present)
[    0.205139] ERST: Table is not found!
[    0.205140] GHES: HEST is not enabled!
[    0.205238] Serial: 8250/16550 driver, 32 ports, IRQ sharing enabled
[    0.205972] Linux agpgart interface v0.103
[    0.206752] brd: module loaded
[    0.207102] loop: module loaded
[    0.207181] ahci 0000:00:0d.0: version 3.0
[    0.207550] ACPI: PCI Interrupt Link [LNKA] enabled at IRQ 5
[    0.207551] PCI: setting IRQ 5 as level-triggered
[    0.207559] ahci 0000:00:0d.0: PCI INT A -> Link[LNKA] -> GSI 5 (level, low) -> IRQ 5
[    0.207684] ahci: SSS flag set, parallel bus scan disabled
[    0.207845] ahci 0000:00:0d.0: AHCI 0001.0100 32 slots 1 ports 3 Gbps 0x1 impl SATA mode
[    0.207847] ahci 0000:00:0d.0: flags: 64bit ncq stag only ccc 
[    0.207865] ahci 0000:00:0d.0: setting latency timer to 64
[    0.213005] scsi0 : ahci
[    0.213056] ata1: SATA max UDMA/133 abar m8192@0xf0806000 port 0xf0806100 irq 5
[    0.213083] ata_piix 0000:00:01.1: version 2.13
[    0.213159] ata_piix 0000:00:01.1: setting latency timer to 64
[    0.213883] ACPI: Battery Slot [BAT0] (battery present)
[    0.213891] isapnp: Scanning for PnP cards...
[    0.219485] scsi1 : ata_piix
[    0.219611] scsi2 : ata_piix
[    0.219638] ata2: PATA max UDMA/33 cmd 0x1f0 ctl 0x3f6 bmdma 0xd000 irq 14
[    0.219640] ata3: PATA max UDMA/33 cmd 0x170 ctl 0x376 bmdma 0xd008 irq 15
[    0.219825] Fixed MDIO Bus: probed
[    0.219835] tun: Universal TUN/TAP device driver, 1.6
[    0.219836] tun: (C) 1999-2004 Max Krasnyansky <maxk@qualcomm.com>
[    0.219862] PPP generic driver version 2.4.2
[    0.219913] ehci_hcd: USB 2.0 'Enhanced' Host Controller (EHCI) Driver
[    0.219921] ohci_hcd: USB 1.1 'Open' Host Controller (OHCI) Driver
[    0.219936] ohci_hcd 0000:00:06.0: PCI INT A -> Link[LNKB] -> GSI 11 (level, low) -> IRQ 11
[    0.219983] ohci_hcd 0000:00:06.0: setting latency timer to 64
[    0.219992] ohci_hcd 0000:00:06.0: OHCI Host Controller
[    0.220018] ohci_hcd 0000:00:06.0: new USB bus registered, assigned bus number 1
[    0.220044] ohci_hcd 0000:00:06.0: irq 11, io mem 0xf0804000
[    0.400305] hub 1-0:1.0: USB hub found
[    0.400318] hub 1-0:1.0: 8 ports detected
[    0.400567] uhci_hcd: USB Universal Host Controller Interface driver
[    0.400610] usbcore: registered new interface driver libusual
[    0.400631] i8042: PNP: PS/2 Controller [PNP0303:PS2K,PNP0f03:PS2M] at 0x60,0x64 irq 1,12
[    0.964832] ata3.00: ATAPI: VBOX CD-ROM, 1.0, max UDMA/133
[    0.965190] ata3.00: configured for UDMA/33
[    1.100190] ata1: SATA link up 3.0 Gbps (SStatus 123 SControl 300)
[    1.100288] ata1.00: ATA-6: VBOX HARDDISK, 1.0, max UDMA/133
[    1.100291] ata1.00: 37748736 sectors, multi 128: LBA48 NCQ (depth 31/32)
[    1.100416] ata1.00: configured for UDMA/133
[    1.164194] Refined TSC clocksource calibration: 2870.265 MHz.
[    1.164198] Switching to clocksource tsc
[    1.305182] isapnp: No Plug & Play device found
[    1.305279] scsi 0:0:0:0: Direct-Access     ATA      VBOX HARDDISK    1.0  PQ: 0 ANSI: 5
[    1.305405] sd 0:0:0:0: Attached scsi generic sg0 type 0
[    1.305704] scsi 2:0:0:0: CD-ROM            VBOX     CD-ROM           1.0  PQ: 0 ANSI: 5
[    1.306101] sd 0:0:0:0: [sda] 37748736 512-byte logical blocks: (19.3 GB/18.0 GiB)
[    1.306286] sr0: scsi3-mmc drive: 32x/32x xa/form2 tray
[    1.306288] cdrom: Uniform CD-ROM driver Revision: 3.20
[    1.306356] sr 2:0:0:0: Attached scsi CD-ROM sr0
[    1.306476] sr 2:0:0:0: Attached scsi generic sg1 type 5
[    1.306522] sd 0:0:0:0: [sda] Write Protect is off
[    1.306523] sd 0:0:0:0: [sda] Mode Sense: 00 3a 00 00
[    1.306534] sd 0:0:0:0: [sda] Write cache: enabled, read cache: enabled, doesn't support DPO or FUA
[    1.317124] Freeing initrd memory: 13860k freed
[    1.318851] serio: i8042 KBD port at 0x60,0x64 irq 1
[    1.318858] serio: i8042 AUX port at 0x60,0x64 irq 12
[    1.318955] mousedev: PS/2 mouse device common for all mice
[    1.319291] input: AT Translated Set 2 keyboard as /devices/platform/i8042/serio0/input/input2
[    1.319613] rtc_cmos rtc_cmos: rtc core: registered rtc_cmos as rtc0
[    1.319613] rtc0: alarms up to one day, 114 bytes nvram
[    1.319613] device-mapper: uevent: version 1.0.3
[    1.319613] device-mapper: ioctl: 4.22.0-ioctl (2011-10-19) initialised: dm-devel@redhat.com
[    1.319613] EISA: Probing bus 0 at eisa.0
[    1.319613] Cannot allocate resource for EISA slot 4
[    1.319613] EISA: Detected 0 cards.
[    1.319613] cpufreq-nforce2: No nForce2 chipset.
[    1.319613] cpuidle: using governor ladder
[    1.319613] cpuidle: using governor menu
[    1.319613] EFI Variables Facility v0.08 2004-May-17
[    1.319700] TCP cubic registered
[    1.319772] NET: Registered protocol family 10
[    1.320017] NET: Registered protocol family 17
[    1.320020] Registering the dns_resolver key type
[    1.320034] Using IPI No-Shortcut mode
[    1.320087] PM: Hibernation image not present or could not be loaded.
[    1.320095] registered taskstats version 1
[    1.325640]   Magic number: 14:111:962
[    1.325713] rtc_cmos rtc_cmos: setting system clock to 2014-09-22 00:58:42 UTC (1411347522)
[    1.325722] BIOS EDD facility v0.16 2004-Jun-25, 0 devices found
[    1.325723] EDD information not available.
[    1.342979]  sda: sda1 sda2 < sda5 >
[    1.343294] sd 0:0:0:0: [sda] Attached SCSI disk
[    1.343338] Freeing unused kernel memory: 744k freed
[    1.343493] Write protecting the kernel text: 5852k
[    1.343511] Write protecting the kernel read-only data: 2388k
[    1.343513] NX-protecting the kernel data: 4388k
[    1.362277] udevd[87]: starting version 175
[    1.372140] usb 1-1: new full-speed USB device number 2 using ohci_hcd
[    1.438850] e1000: Intel(R) PRO/1000 Network Driver - version 7.3.21-k8-NAPI
[    1.438852] e1000: Copyright (c) 1999-2006 Intel Corporation.
[    1.439208] ACPI: PCI Interrupt Link [LNKC] enabled at IRQ 10
[    1.439211] PCI: setting IRQ 10 as level-triggered
[    1.439222] e1000 0000:00:03.0: PCI INT A -> Link[LNKC] -> GSI 10 (level, low) -> IRQ 10
[    1.439272] e1000 0000:00:03.0: setting latency timer to 64
[    1.884725] e1000 0000:00:03.0: eth0: (PCI:33MHz:32-bit) 08:00:27:2d:44:05
[    1.884728] e1000 0000:00:03.0: eth0: Intel(R) PRO/1000 Network Connection
[    1.938313] EXT4-fs (sda1): INFO: recovery required on readonly filesystem
[    1.938316] EXT4-fs (sda1): write access will be enabled during recovery
[    1.998578] input: VirtualBox USB Tablet as /devices/pci0000:00/0000:00:06.0/usb1/1-1/1-1:1.0/input/input3
[    1.998756] generic-usb 0003:80EE:0021.0001: input,hidraw0: USB HID v1.10 Mouse [VirtualBox USB Tablet] on usb-0000:00:06.0-1/input0
[    1.998883] usbcore: registered new interface driver usbhid
[    1.998884] usbhid: USB HID core driver
[    2.659119] EXT4-fs (sda1): orphan cleanup on readonly fs
[    2.659125] EXT4-fs (sda1): ext4_orphan_cleanup: deleting unreferenced inode 659054
[    2.659159] EXT4-fs (sda1): ext4_orphan_cleanup: deleting unreferenced inode 659052
[    2.659167] EXT4-fs (sda1): ext4_orphan_cleanup: deleting unreferenced inode 657056
[    2.659171] EXT4-fs (sda1): ext4_orphan_cleanup: deleting unreferenced inode 656928
[    2.659178] EXT4-fs (sda1): ext4_orphan_cleanup: deleting unreferenced inode 656773
[    2.659184] EXT4-fs (sda1): 5 orphan inodes deleted
[    2.659185] EXT4-fs (sda1): recovery complete
[    2.900891] EXT4-fs (sda1): mounted filesystem with ordered data mode. Opts: (null)
[   14.812076] Adding 521212k swap on /dev/sda5.  Priority:-1 extents:1 across:521212k 
[   14.819680] ADDRCONF(NETDEV_UP): eth0: link is not ready
[   14.910564] udevd[388]: starting version 175
[   14.949639] lp: driver loaded but no devices found
[   14.993071] piix4_smbus 0000:00:07.0: SMBus base address uninitialized - upgrade BIOS or use force_addr=0xaddr
[   15.057037] type=1400 audit(1411347536.226:2): apparmor="STATUS" operation="profile_load" name="/sbin/dhclient" pid=450 comm="apparmor_parser"
[   15.057326] type=1400 audit(1411347536.226:3): apparmor="STATUS" operation="profile_load" name="/usr/lib/NetworkManager/nm-dhcp-client.action" pid=450 comm="apparmor_parser"
[   15.057474] type=1400 audit(1411347536.226:4): apparmor="STATUS" operation="profile_load" name="/usr/lib/connman/scripts/dhclient-script" pid=450 comm="apparmor_parser"
[   15.088699] parport_pc 00:04: reported by Plug and Play ACPI
[   15.094111] input: ImExPS/2 Generic Explorer Mouse as /devices/platform/i8042/serio1/input/input4
[   15.097451] ACPI: PCI Interrupt Link [LNKD] enabled at IRQ 9
[   15.097454] PCI: setting IRQ 9 as level-triggered
[   15.097460] vboxguest 0000:00:04.0: PCI INT A -> Link[LNKD] -> GSI 9 (level, low) -> IRQ 9
[   15.098202] input: Unspecified device as /devices/pci0000:00/0000:00:04.0/input/input5
[   15.098369] vboxguest: major 0, IRQ 9, I/O port d020, MMIO at 00000000f0400000 (size 0x400000)
[   15.098371] vboxguest: Successfully loaded version 4.2.14 (interface 0x00010004)
[   15.334466] ppdev: user-space parallel port driver
[   15.360088] snd_intel8x0 0000:00:05.0: PCI INT A -> Link[LNKA] -> GSI 5 (level, low) -> IRQ 5
[   15.360132] snd_intel8x0 0000:00:05.0: setting latency timer to 64
[   15.772516] intel8x0_measure_ac97_clock: measured 56396 usecs (9876 samples)
[   15.772522] intel8x0: measured clock 175118 rejected
[   16.132389] intel8x0_measure_ac97_clock: measured 55857 usecs (7680 samples)
[   16.132395] intel8x0: measured clock 137493 rejected
[   16.492246] intel8x0_measure_ac97_clock: measured 55847 usecs (7200 samples)
[   16.492249] intel8x0: measured clock 128923 rejected
[   16.492251] intel8x0: clocking to 48000
[   17.239899] vesafb: mode is 640x480x32, linelength=2560, pages=0
[   17.239905] vesafb: scrolling: redraw
[   17.239909] vesafb: Truecolor: size=8:8:8:8, shift=24:16:8:0
[   17.239929] mtrr: your processor doesn't support write-combining
[   17.240085] vesafb: framebuffer at 0xe0000000, mapped to 0xf9e80000, using 1216k, total 1216k
[   17.241026] Console: switching to colour frame buffer device 80x30
[   17.241050] fb0: VESA VGA frame buffer device
[   17.294054] EXT4-fs (sda1): re-mounted. Opts: errors=remount-ro
[   17.393961] init: failsafe main process (693) killed by TERM signal
[   17.791089] Bluetooth: Core ver 2.16
[   17.791109] NET: Registered protocol family 31
[   17.791111] Bluetooth: HCI device and connection manager initialized
[   17.791112] Bluetooth: HCI socket layer initialized
[   17.791113] Bluetooth: L2CAP socket layer initialized
[   17.792991] Bluetooth: SCO socket layer initialized
[   17.806800] type=1400 audit(1411347538.974:5): apparmor="STATUS" operation="profile_load" name="/usr/lib/cups/backend/cups-pdf" pid=756 comm="apparmor_parser"
[   17.807154] type=1400 audit(1411347538.974:6): apparmor="STATUS" operation="profile_load" name="/usr/sbin/cupsd" pid=756 comm="apparmor_parser"
[   17.819960] Bluetooth: BNEP (Ethernet Emulation) ver 1.3
[   17.819962] Bluetooth: BNEP filters: protocol multicast
[   17.864568] type=1400 audit(1411347539.034:7): apparmor="STATUS" operation="profile_load" name="/usr/lib/lightdm/lightdm/lightdm-guest-session-wrapper" pid=785 comm="apparmor_parser"
[   17.864696] type=1400 audit(1411347539.034:8): apparmor="STATUS" operation="profile_load" name="/usr/lib/lightdm/lightdm/lightdm-guest-session-wrapper//chromium_browser" pid=785 comm="apparmor_parser"
[   17.866746] type=1400 audit(1411347539.034:9): apparmor="STATUS" operation="profile_replace" name="/sbin/dhclient" pid=786 comm="apparmor_parser"
[   17.867028] type=1400 audit(1411347539.034:10): apparmor="STATUS" operation="profile_replace" name="/usr/lib/NetworkManager/nm-dhcp-client.action" pid=786 comm="apparmor_parser"
[   17.867174] type=1400 audit(1411347539.034:11): apparmor="STATUS" operation="profile_replace" name="/usr/lib/connman/scripts/dhclient-script" pid=786 comm="apparmor_parser"
[   18.060298] ADDRCONF(NETDEV_UP): eth0: link is not ready
[   18.061740] e1000: eth0 NIC Link is Up 1000 Mbps Full Duplex, Flow Control: RX
[   18.062110] ADDRCONF(NETDEV_CHANGE): eth0: link becomes ready
[   18.475627] vboxsf: Successfully loaded version 4.2.14 (interface 0x00010004)
[   18.494364] [drm] Initialized drm 1.1.0 20060810
[   18.494639] pci 0000:00:02.0: PCI INT A -> Link[LNKB] -> GSI 11 (level, low) -> IRQ 11
[   18.494654] pci 0000:00:02.0: setting latency timer to 64
[   18.495180] [drm] Supports vblank timestamp caching Rev 1 (10.10.2010).
[   18.495182] [drm] No driver support for vblank timestamp query.
[   18.495184] [drm] Initialized vboxvideo 1.0.0 20090303 for 0000:00:02.0 on minor 0
[   18.697491] Bluetooth: RFCOMM TTY layer initialized
[   18.697495] Bluetooth: RFCOMM socket layer initialized
[   18.697496] Bluetooth: RFCOMM ver 1.11
[   19.657965] init: plymouth-stop pre-start process (1198) terminated with status 1
[   20.660660] VBoxGuest: VBoxGuestCommonGuestCapsAcquire: pSession(0xf0e70610), OR(0x0), NOT(0xffffffff), flags(0x0)
[   21.152323] VBoxGuest: VBoxGuestCommonGuestCapsAcquire: pSession(0xf0e70610), OR(0x0), NOT(0xffffffff), flags(0x0)
[   28.202077] eth0: no IPv6 routers present
[   65.997022] VBoxGuest: VBoxGuestCommonGuestCapsAcquire: pSession(0xf193dc10), OR(0x0), NOT(0xffffffff), flags(0x0)
[   93.092029] VBoxGuest: VBoxGuestCommonGuestCapsAcquire: pSession(0xf196ce10), OR(0x0), NOT(0xffffffff), flags(0x0)
[  123.716028] usb 1-2: new full-speed USB device number 3 using ohci_hcd
[  124.246121] usbcore: registered new interface driver usbserial
[  124.246153] USB Serial support registered for generic
[  124.246621] usbcore: registered new interface driver usbserial_generic
[  124.246626] usbserial: USB Serial Driver core
[  124.261226] USB Serial support registered for FTDI USB Serial Device
[  124.261383] ftdi_sio 1-2:1.0: FTDI USB Serial Device converter detected
[  124.261493] usb 1-2: Detected FT2232C
[  124.261497] usb 1-2: Number of endpoints 2
[  124.261514] usb 1-2: Endpoint 1 MaxPacketSize 64
[  124.261518] usb 1-2: Endpoint 2 MaxPacketSize 64
[  124.261521] usb 1-2: Setting MaxPacketSize 64
[  124.269348] usb 1-2: FTDI USB Serial Device converter now attached to ttyUSB0
[  124.269360] ftdi_sio 1-2:1.1: FTDI USB Serial Device converter detected
[  124.269396] usb 1-2: Detected FT2232C
[  124.269397] usb 1-2: Number of endpoints 2
[  124.269398] usb 1-2: Endpoint 1 MaxPacketSize 64
[  124.269399] usb 1-2: Endpoint 2 MaxPacketSize 64
[  124.269400] usb 1-2: Setting MaxPacketSize 64
[  124.275860] usb 1-2: FTDI USB Serial Device converter now attached to ttyUSB1
[  124.275914] usbcore: registered new interface driver ftdi_sio
[  124.275915] ftdi_sio: v1.6.0:USB FTDI Serial Converters Driver
[  126.132105] usb 1-3: new full-speed USB device number 4 using ohci_hcd
[  126.609903] ftdi_sio 1-3:1.0: FTDI USB Serial Device converter detected
[  126.609962] usb 1-3: Detected FT232RL
[  126.609965] usb 1-3: Number of endpoints 2
[  126.609968] usb 1-3: Endpoint 1 MaxPacketSize 64
[  126.609971] usb 1-3: Endpoint 2 MaxPacketSize 64
[  126.609975] usb 1-3: Setting MaxPacketSize 64
[  126.614943] usb 1-3: FTDI USB Serial Device converter now attached to ttyUSB2
[  141.614555] VBoxGuest: VBoxGuestCommonGuestCapsAcquire: pSession(0xf1997e10), OR(0x0), NOT(0xffffffff), flags(0x0)
[  347.342371] usb 1-3: USB disconnect, device number 4
[  347.342505] ftdi_sio ttyUSB2: FTDI USB Serial Device converter now disconnected from ttyUSB2
[  347.342511] ftdi_sio 1-3:1.0: device disconnected
[  351.408217] usb 1-3: new full-speed USB device number 5 using ohci_hcd
[  351.908942] ftdi_sio 1-3:1.0: FTDI USB Serial Device converter detected
[  351.908993] usb 1-3: Detected FT232RL
[  351.908997] usb 1-3: Number of endpoints 2
[  351.909000] usb 1-3: Endpoint 1 MaxPacketSize 64
[  351.909003] usb 1-3: Endpoint 2 MaxPacketSize 64
[  351.909006] usb 1-3: Setting MaxPacketSize 64
[  351.914707] usb 1-3: FTDI USB Serial Device converter now attached to ttyUSB3
[  392.635026] usb 1-3: USB disconnect, device number 5
[  392.635237] ftdi_sio ttyUSB3: FTDI USB Serial Device converter now disconnected from ttyUSB3
[  392.635259] ftdi_sio 1-3:1.0: device disconnected
[  499.544398] usb 1-2: USB disconnect, device number 3
[  499.544583] ftdi_sio ttyUSB0: FTDI USB Serial Device converter now disconnected from ttyUSB0
[  499.544604] ftdi_sio 1-2:1.0: device disconnected
[  499.548854] ftdi_sio ttyUSB1: FTDI USB Serial Device converter now disconnected from ttyUSB1
